COMMAND ["cmd.exe", "/d", "/c", "C:/Xilinx/Vivado/2022.1/bin/vivado.bat", "-mode", "batch", "-source", "C:\\Users\\iuhj0\\Eddie\\rag_db_project\\rag\\automation\\vivado_flow.tcl", "-tclargs", "implementation", "C:\\Users\\iuhj0\\Eddie\\rag_db_project\\artifacts\\implementation\\optimized_accelerator\\run_004"]

****** Vivado v2022.1 (64-bit)
  **** SW Build 3526262 on Mon Apr 18 15:48:16 MDT 2022
  **** IP Build 3524634 on Mon Apr 18 20:55:01 MDT 2022
    ** Copyright 1986-2022 Xilinx, Inc. All Rights Reserved.

source {C:\Users\iuhj0\Eddie\rag_db_project\rag\automation\vivado_flow.tcl}
# proc reports {out} {
#     report_utilization -file "$out/utilization.rpt"
#     report_utilization -hierarchical -file "$out/utilization_hierarchical.rpt"
#     report_ram_utilization -file "$out/ram_utilization.rpt"
#     report_timing_summary -delay_type min_max -max_paths 20 -file "$out/timing_summary.rpt"
#     report_timing -delay_type max -max_paths 20 -file "$out/critical_paths.rpt"
#     report_high_fanout_nets -timing -max_nets 50 -file "$out/high_fanout_nets.rpt"
#     report_drc -file "$out/drc.rpt"
# }
# proc main {stage out} {
#     set work [pwd]
#     set flow "$work/.vivado_flow"
#     file mkdir $flow $out
#     set project "$flow/project/accelerator.xpr"
#     set_param general.maxThreads 4
#     if {$stage eq "compile"} {
#         if {[file exists $project]} { error "Fresh isolated project required" }
#         create_project accelerator "$flow/project" -part xc7z020clg400-1
#         add_files -norecurse [glob "$work/rtl/*.sv"]
#         set headers [glob -nocomplain "$work/rtl/*.svh"]
#         if {[llength $headers]} { add_files -norecurse $headers }
#         add_files -fileset sim_1 -norecurse "$work/tb/top_sim.sv"
#         set_property top zyNet [get_filesets sources_1]
#         set_property top top_sim [get_filesets sim_1]
#         set_property include_dirs [list "$work/rtl"] [get_filesets sources_1]
#         set_property include_dirs [list "$work/rtl"] [get_filesets sim_1]
#         set_property used_in_synthesis false [get_files *top_sim.sv]
#         set_property target_simulator XSim [current_project]
#         set_property xsim.simulate.runtime 0ns [get_filesets sim_1]
#         update_compile_order -fileset sources_1
#         update_compile_order -fileset sim_1
#         launch_simulation -step compile
#         close_project
#     } elseif {$stage eq "simulation"} {
#         open_project $project
#         launch_simulation -noclean_dir
#         restart
#         set observed [get_objects -r /top_sim/device_under_test/*]
#         if {![llength $observed]} { error "DUT scope missing" }
#         open_saif "$flow/activity.saif"
#         log_saif $observed
#         run all
#         close_saif
#         close_sim
#         close_project
#         file copy -force "$flow/activity.saif" "$out/activity.saif"
#     } elseif {$stage eq "synthesis"} {
#         create_project -in_memory -part xc7z020clg400-1
#         set_property include_dirs [list "$work/rtl"] [current_fileset]
#         read_verilog -sv [glob "$work/rtl/*.sv"]
#         # Board/I/O constraints are used only when present in approved source.
#         foreach xdc [glob -nocomplain "$work/constraints/*.xdc"] { read_xdc $xdc }
#         synth_design -top zyNet -part xc7z020clg400-1
#         if {![llength [get_clocks -quiet -of_objects [get_ports s_axi_aclk]]]} {
#             create_clock -name s_axi_aclk -period 10.000 [get_ports s_axi_aclk]
#         }
#         reports $out
#         report_power -file "$out/power.rpt"
#         write_checkpoint "$flow/post_synthesis.dcp"
#         file copy "$flow/post_synthesis.dcp" "$out/post_synthesis.dcp"
#     } elseif {$stage eq "implementation"} {
#         open_checkpoint "$flow/post_synthesis.dcp"
#         opt_design
#         place_design
#         phys_opt_design
#         route_design
#         reports $out
#         report_route_status -file "$out/route_status.rpt"
#         report_clocks -file "$out/clocks.rpt"
#         write_checkpoint "$flow/post_route.dcp"
#         file copy "$flow/post_route.dcp" "$out/post_route.dcp"
#         # Timing/DRC failures are findings, not hidden by successful route execution.
#     } elseif {$stage eq "power"} {
#         open_checkpoint "$flow/post_route.dcp"
#         reset_switching_activity [get_nets -hierarchical]
#         if {[llength [get_ports]]} { reset_switching_activity [get_ports] }
#         read_saif -strip_path top_sim/device_under_test -out_file "$out/saif_mapping.rpt" "$flow/activity.saif"
#         report_power -name power_saif -file "$out/power_post_route.rpt"
#         report_switching_activity -signal_rate -static_probability -file "$out/switching_activity.rpt" [get_nets -hierarchical]
#     } else { error "Unsupported stage: $stage" }
# }
# if {[catch {main [lindex $argv 0] [file normalize [lindex $argv 1]]} problem]} {
#     puts stderr "AUTOMATION_STAGE_FAILED: $problem"
#     exit 1
# }
Command: open_checkpoint C:/Users/iuhj0/Eddie/rag_db_project/.automation_debug/optimized_accelerator/analysis_005/project/workspace/optimized_accelerator/.vivado_flow/post_synthesis.dcp

Starting open_checkpoint Task

Time (s): cpu = 00:00:00 ; elapsed = 00:00:00.050 . Memory (MB): peak = 1285.527 ; gain = 0.000
INFO: [Device 21-403] Loading part xc7z020clg400-1
Netlist sorting complete. Time (s): cpu = 00:00:00 ; elapsed = 00:00:00.107 . Memory (MB): peak = 1285.527 ; gain = 0.000
INFO: [Netlist 29-17] Analyzing 203 Unisim elements for replacement
INFO: [Netlist 29-28] Unisim Transformation completed in 0 CPU seconds
INFO: [Project 1-479] Netlist was created with Vivado 2022.1
INFO: [Project 1-570] Preparing netlist for logic optimization
INFO: [Timing 38-478] Restoring timing data from binary archive.
INFO: [Timing 38-479] Binary timing data restore complete.
INFO: [Project 1-856] Restoring constraints from binary archive.
INFO: [Project 1-853] Binary constraint restore complete.
Netlist sorting complete. Time (s): cpu = 00:00:00 ; elapsed = 00:00:00.003 . Memory (MB): peak = 1475.082 ; gain = 0.000
INFO: [Project 1-111] Unisim Transformation Summary:
No Unisim elements were transformed.

INFO: [Project 1-604] Checkpoint was created with Vivado v2022.1 (64-bit) build 3526262
open_checkpoint: Time (s): cpu = 00:00:30 ; elapsed = 00:00:38 . Memory (MB): peak = 1475.082 ; gain = 189.555
Command: opt_design
Attempting to get a license for feature 'Implementation' and/or device 'xc7z020'
INFO: [Common 17-349] Got license for feature 'Implementation' and/or device 'xc7z020'
Running DRC as a precondition to command opt_design

Starting DRC Task
INFO: [DRC 23-27] Running DRC with 4 threads
INFO: [Project 1-461] DRC finished with 0 Errors
INFO: [Project 1-462] Please refer to the DRC report (report_drc) for more information.

Time (s): cpu = 00:00:03 ; elapsed = 00:00:02 . Memory (MB): peak = 1506.266 ; gain = 22.996

Starting Cache Timing Information Task
Ending Cache Timing Information Task | Checksum: 151efad51

Time (s): cpu = 00:00:00 ; elapsed = 00:00:00.085 . Memory (MB): peak = 1506.266 ; gain = 0.000

Starting Logic Optimization Task

Phase 1 Retarget
INFO: [Opt 31-138] Pushed 1 inverter(s) to 5 load pin(s).
In IDDR TRANSFORM
INFO: [Opt 31-49] Retargeted 0 cell(s).
Phase 1 Retarget | Checksum: 1af998fba

Time (s): cpu = 00:00:00 ; elapsed = 00:00:00.400 . Memory (MB): peak = 1792.496 ; gain = 0.000
INFO: [Opt 31-389] Phase Retarget created 12 cells and removed 12 cells

Phase 2 Constant propagation
INFO: [Opt 31-138] Pushed 0 inverter(s) to 0 load pin(s).
Phase 2 Constant propagation | Checksum: 1cc5b0f92

Time (s): cpu = 00:00:01 ; elapsed = 00:00:00.475 . Memory (MB): peak = 1792.496 ; gain = 0.000
INFO: [Opt 31-389] Phase Constant propagation created 0 cells and removed 0 cells

Phase 3 Sweep
Phase 3 Sweep | Checksum: 114e04a4f

Time (s): cpu = 00:00:01 ; elapsed = 00:00:00.616 . Memory (MB): peak = 1792.496 ; gain = 0.000
INFO: [Opt 31-389] Phase Sweep created 0 cells and removed 0 cells

Phase 4 BUFG optimization
Phase 4 BUFG optimization | Checksum: 114e04a4f

Time (s): cpu = 00:00:01 ; elapsed = 00:00:00.729 . Memory (MB): peak = 1792.496 ; gain = 0.000
INFO: [Opt 31-662] Phase BUFG optimization created 0 cells of which 0 are BUFGs and removed 0 cells.

Phase 5 Shift Register Optimization
INFO: [Opt 31-1064] SRL Remap converted 0 SRLs to 0 registers and converted 0 registers of register chains to 0 SRLs
Phase 5 Shift Register Optimization | Checksum: 114e04a4f

Time (s): cpu = 00:00:01 ; elapsed = 00:00:00.739 . Memory (MB): peak = 1792.496 ; gain = 0.000
INFO: [Opt 31-389] Phase Shift Register Optimization created 0 cells and removed 0 cells

Phase 6 Post Processing Netlist
Phase 6 Post Processing Netlist | Checksum: 114e04a4f

Time (s): cpu = 00:00:01 ; elapsed = 00:00:00.762 . Memory (MB): peak = 1792.496 ; gain = 0.000
INFO: [Opt 31-389] Phase Post Processing Netlist created 0 cells and removed 0 cells
Opt_design Change Summary
=========================


-------------------------------------------------------------------------------------------------------------------------
|  Phase                        |  #Cells created  |  #Cells Removed  |  #Constrained objects preventing optimizations  |
-------------------------------------------------------------------------------------------------------------------------
|  Retarget                     |              12  |              12  |                                              0  |
|  Constant propagation         |               0  |               0  |                                              0  |
|  Sweep                        |               0  |               0  |                                              0  |
|  BUFG optimization            |               0  |               0  |                                              0  |
|  Shift Register Optimization  |               0  |               0  |                                              0  |
|  Post Processing Netlist      |               0  |               0  |                                              0  |
-------------------------------------------------------------------------------------------------------------------------



Starting Connectivity Check Task

Time (s): cpu = 00:00:00 ; elapsed = 00:00:00.010 . Memory (MB): peak = 1792.496 ; gain = 0.000
Ending Logic Optimization Task | Checksum: a6c95164

Time (s): cpu = 00:00:01 ; elapsed = 00:00:00.878 . Memory (MB): peak = 1792.496 ; gain = 0.000

Starting Power Optimization Task
INFO: [Pwropt 34-132] Skipping clock gating for clocks with a period < 2.00 ns.
INFO: [Timing 38-35] Done setting XDC timing constraints.
Running Vector-less Activity Propagation...
INFO: [Pwropt 34-9] Applying IDT optimizations ...
INFO: [Pwropt 34-10] Applying ODC optimizations ...

Finished Running Vector-less Activity Propagation


Starting PowerOpt Patch Enables Task
INFO: [Pwropt 34-162] WRITE_MODE attribute of 0 BRAM(s) out of a total of 15 has been updated to save power. Run report_power_opt to get a complete listing of the BRAMs updated.
INFO: [Pwropt 34-201] Structural ODC has moved 0 WE to EN ports
Number of BRAM Ports augmented: 5 newly gated: 0 Total Ports: 30
Ending PowerOpt Patch Enables Task | Checksum: 13c5d04b2

Time (s): cpu = 00:00:00 ; elapsed = 00:00:00.235 . Memory (MB): peak = 1912.762 ; gain = 0.000
Ending Power Optimization Task | Checksum: 13c5d04b2

Time (s): cpu = 00:00:06 ; elapsed = 00:00:04 . Memory (MB): peak = 1912.762 ; gain = 120.266

Starting Final Cleanup Task
Ending Final Cleanup Task | Checksum: 13c5d04b2

Time (s): cpu = 00:00:00 ; elapsed = 00:00:00.001 . Memory (MB): peak = 1912.762 ; gain = 0.000

Starting Netlist Obfuscation Task
Netlist sorting complete. Time (s): cpu = 00:00:00 ; elapsed = 00:00:00.006 . Memory (MB): peak = 1912.762 ; gain = 0.000
Ending Netlist Obfuscation Task | Checksum: 948a3bf6

Time (s): cpu = 00:00:00 ; elapsed = 00:00:00.009 . Memory (MB): peak = 1912.762 ; gain = 0.000
INFO: [Common 17-83] Releasing license: Implementation
32 Infos, 0 Warnings, 0 Critical Warnings and 0 Errors encountered.
opt_design completed successfully
opt_design: Time (s): cpu = 00:00:17 ; elapsed = 00:00:15 . Memory (MB): peak = 1912.762 ; gain = 437.680
INFO: [Common 17-600] The following parameters have non-default value.
general.maxThreads
Command: place_design
Attempting to get a license for feature 'Implementation' and/or device 'xc7z020'
INFO: [Common 17-349] Got license for feature 'Implementation' and/or device 'xc7z020'
INFO: [Timing 38-35] Done setting XDC timing constraints.
INFO: [DRC 23-27] Running DRC with 4 threads
INFO: [Vivado_Tcl 4-198] DRC finished with 0 Errors
INFO: [Vivado_Tcl 4-199] Please refer to the DRC report (report_drc) for more information.
Running DRC as a precondition to command place_design
INFO: [DRC 23-27] Running DRC with 4 threads
INFO: [Vivado_Tcl 4-198] DRC finished with 0 Errors, 42 Warnings
INFO: [Vivado_Tcl 4-199] Please refer to the DRC report (report_drc) for more information.

Starting Placer Task
INFO: [Place 30-611] Multithreading enabled for place_design using a maximum of 4 CPUs

Phase 1 Placer Initialization

Phase 1.1 Placer Initialization Netlist Sorting
Netlist sorting complete. Time (s): cpu = 00:00:00 ; elapsed = 00:00:00 . Memory (MB): peak = 1912.762 ; gain = 0.000
Phase 1.1 Placer Initialization Netlist Sorting | Checksum: 60eb8b0b

Time (s): cpu = 00:00:00 ; elapsed = 00:00:00.008 . Memory (MB): peak = 1912.762 ; gain = 0.000
Netlist sorting complete. Time (s): cpu = 00:00:00 ; elapsed = 00:00:00.001 . Memory (MB): peak = 1912.762 ; gain = 0.000

Phase 1.2 IO Placement/ Clock Placement/ Build Placer Device
Phase 1.2 IO Placement/ Clock Placement/ Build Placer Device | Checksum: 9551de51

Time (s): cpu = 00:00:01 ; elapsed = 00:00:00.382 . Memory (MB): peak = 1912.762 ; gain = 0.000

Phase 1.3 Build Placer Netlist Model
Phase 1.3 Build Placer Netlist Model | Checksum: d094907c

Time (s): cpu = 00:00:02 ; elapsed = 00:00:00.945 . Memory (MB): peak = 1912.762 ; gain = 0.000

Phase 1.4 Constrain Clocks/Macros
Phase 1.4 Constrain Clocks/Macros | Checksum: d094907c

Time (s): cpu = 00:00:02 ; elapsed = 00:00:00.951 . Memory (MB): peak = 1912.762 ; gain = 0.000
Phase 1 Placer Initialization | Checksum: d094907c

Time (s): cpu = 00:00:02 ; elapsed = 00:00:00.961 . Memory (MB): peak = 1912.762 ; gain = 0.000

Phase 2 Global Placement

Phase 2.1 Floorplanning
Phase 2.1 Floorplanning | Checksum: e8014ceb

Time (s): cpu = 00:00:03 ; elapsed = 00:00:01 . Memory (MB): peak = 1912.762 ; gain = 0.000

Phase 2.2 Update Timing before SLR Path Opt
Phase 2.2 Update Timing before SLR Path Opt | Checksum: 1378a31ae

Time (s): cpu = 00:00:03 ; elapsed = 00:00:01 . Memory (MB): peak = 1912.762 ; gain = 0.000

Phase 2.3 Post-Processing in Floorplanning
Phase 2.3 Post-Processing in Floorplanning | Checksum: 1378a31ae

Time (s): cpu = 00:00:03 ; elapsed = 00:00:01 . Memory (MB): peak = 1912.762 ; gain = 0.000

Phase 2.4 Global Placement Core

Phase 2.4.1 Physical Synthesis In Placer
INFO: [Physopt 32-1035] Found 0 LUTNM shape to break, 151 LUT instances to create LUTNM shape
INFO: [Physopt 32-1044] Break lutnm for timing: one critical 0, two critical 0, total 0, new lutff created 0
INFO: [Physopt 32-1138] End 1 Pass. Optimized 69 nets or LUTs. Breaked 0 LUT, combined 69 existing LUTs and moved 0 existing LUT
INFO: [Physopt 32-65] No nets found for high-fanout optimization.
INFO: [Physopt 32-232] Optimized 0 net. Created 0 new instance.
INFO: [Physopt 32-775] End 1 Pass. Optimized 0 net or cell. Created 0 new cell, deleted 0 existing cell and moved 0 existing cell
INFO: [Physopt 32-670] No setup violation found.  DSP Register Optimization was not performed.
INFO: [Physopt 32-670] No setup violation found.  Shift Register to Pipeline Optimization was not performed.
INFO: [Physopt 32-670] No setup violation found.  Shift Register Optimization was not performed.
INFO: [Physopt 32-670] No setup violation found.  BRAM Register Optimization was not performed.
INFO: [Physopt 32-670] No setup violation found.  URAM Register Optimization was not performed.
INFO: [Physopt 32-949] No candidate nets found for dynamic/static region interface net replication
INFO: [Physopt 32-775] End 1 Pass. Optimized 0 net or cell. Created 0 new cell, deleted 0 existing cell and moved 0 existing cell
Netlist sorting complete. Time (s): cpu = 00:00:00 ; elapsed = 00:00:00.001 . Memory (MB): peak = 1912.762 ; gain = 0.000

Summary of Physical Synthesis Optimizations
============================================


-----------------------------------------------------------------------------------------------------------------------------------------------------------
|  Optimization                                     |  Added Cells  |  Removed Cells  |  Optimized Cells/Nets  |  Dont Touch  |  Iterations  |  Elapsed   |
-----------------------------------------------------------------------------------------------------------------------------------------------------------
|  LUT Combining                                    |            0  |             69  |                    69  |           0  |           1  |  00:00:00  |
|  Retime                                           |            0  |              0  |                     0  |           0  |           1  |  00:00:00  |
|  Very High Fanout                                 |            0  |              0  |                     0  |           0  |           1  |  00:00:00  |
|  DSP Register                                     |            0  |              0  |                     0  |           0  |           0  |  00:00:00  |
|  Shift Register to Pipeline                       |            0  |              0  |                     0  |           0  |           0  |  00:00:00  |
|  Shift Register                                   |            0  |              0  |                     0  |           0  |           0  |  00:00:00  |
|  BRAM Register                                    |            0  |              0  |                     0  |           0  |           0  |  00:00:00  |
|  URAM Register                                    |            0  |              0  |                     0  |           0  |           0  |  00:00:00  |
|  Dynamic/Static Region Interface Net Replication  |            0  |              0  |                     0  |           0  |           1  |  00:00:00  |
|  Total                                            |            0  |             69  |                    69  |           0  |           4  |  00:00:00  |
-----------------------------------------------------------------------------------------------------------------------------------------------------------


Phase 2.4.1 Physical Synthesis In Placer | Checksum: f9a7617f

Time (s): cpu = 00:00:13 ; elapsed = 00:00:07 . Memory (MB): peak = 1912.762 ; gain = 0.000
Phase 2.4 Global Placement Core | Checksum: c9d86d0d

Time (s): cpu = 00:00:13 ; elapsed = 00:00:07 . Memory (MB): peak = 1912.762 ; gain = 0.000
Phase 2 Global Placement | Checksum: c9d86d0d

Time (s): cpu = 00:00:13 ; elapsed = 00:00:07 . Memory (MB): peak = 1912.762 ; gain = 0.000

Phase 3 Detail Placement

Phase 3.1 Commit Multi Column Macros
Phase 3.1 Commit Multi Column Macros | Checksum: 12a7e168a

Time (s): cpu = 00:00:14 ; elapsed = 00:00:07 . Memory (MB): peak = 1912.762 ; gain = 0.000

Phase 3.2 Commit Most Macros & LUTRAMs
Phase 3.2 Commit Most Macros & LUTRAMs | Checksum: ccf62bbf

Time (s): cpu = 00:00:14 ; elapsed = 00:00:08 . Memory (MB): peak = 1912.762 ; gain = 0.000

Phase 3.3 Area Swap Optimization
Phase 3.3 Area Swap Optimization | Checksum: 12c0ac1ba

Time (s): cpu = 00:00:14 ; elapsed = 00:00:08 . Memory (MB): peak = 1912.762 ; gain = 0.000

Phase 3.4 Pipeline Register Optimization
Phase 3.4 Pipeline Register Optimization | Checksum: 1b148a6b8

Time (s): cpu = 00:00:14 ; elapsed = 00:00:08 . Memory (MB): peak = 1912.762 ; gain = 0.000

Phase 3.5 Fast Optimization
Phase 3.5 Fast Optimization | Checksum: 130e05e54

Time (s): cpu = 00:00:15 ; elapsed = 00:00:09 . Memory (MB): peak = 1912.762 ; gain = 0.000

Phase 3.6 Small Shape Detail Placement
Phase 3.6 Small Shape Detail Placement | Checksum: 1f2bc54cc

Time (s): cpu = 00:00:17 ; elapsed = 00:00:10 . Memory (MB): peak = 1912.762 ; gain = 0.000

Phase 3.7 Re-assign LUT pins
Phase 3.7 Re-assign LUT pins | Checksum: 1c0b8f693

Time (s): cpu = 00:00:17 ; elapsed = 00:00:10 . Memory (MB): peak = 1912.762 ; gain = 0.000

Phase 3.8 Pipeline Register Optimization
Phase 3.8 Pipeline Register Optimization | Checksum: 13bf2db95

Time (s): cpu = 00:00:17 ; elapsed = 00:00:10 . Memory (MB): peak = 1912.762 ; gain = 0.000
Phase 3 Detail Placement | Checksum: 13bf2db95

Time (s): cpu = 00:00:17 ; elapsed = 00:00:10 . Memory (MB): peak = 1912.762 ; gain = 0.000

Phase 4 Post Placement Optimization and Clean-Up

Phase 4.1 Post Commit Optimization
INFO: [Timing 38-35] Done setting XDC timing constraints.

Phase 4.1.1 Post Placement Optimization
Post Placement Optimization Initialization | Checksum: 1dfd272eb

Phase 4.1.1.1 BUFG Insertion

Starting Physical Synthesis Task

Phase 1 Physical Synthesis Initialization
INFO: [Physopt 32-721] Multithreading enabled for phys_opt_design using a maximum of 4 CPUs
INFO: [Physopt 32-619] Estimated Timing Summary | WNS=-0.161 | TNS=-0.328 |
Phase 1 Physical Synthesis Initialization | Checksum: 15daadb11

Time (s): cpu = 00:00:00 ; elapsed = 00:00:00.091 . Memory (MB): peak = 1912.762 ; gain = 0.000
INFO: [Place 46-56] BUFG insertion identified 0 candidate nets. Inserted BUFG: 0, Replicated BUFG Driver: 0, Skipped due to Placement/Routing Conflicts: 0, Skipped due to Timing Degradation: 0, Skipped due to Illegal Netlist: 0.
Ending Physical Synthesis Task | Checksum: 1aae30b47

Time (s): cpu = 00:00:00 ; elapsed = 00:00:00.112 . Memory (MB): peak = 1912.762 ; gain = 0.000
Phase 4.1.1.1 BUFG Insertion | Checksum: 1dfd272eb

Time (s): cpu = 00:00:18 ; elapsed = 00:00:11 . Memory (MB): peak = 1912.762 ; gain = 0.000

Phase 4.1.1.2 Post Placement Timing Optimization
INFO: [Place 30-746] Post Placement Timing Summary WNS=0.533. For the most accurate timing information please run report_timing.
Phase 4.1.1.2 Post Placement Timing Optimization | Checksum: 2108630ac

Time (s): cpu = 00:00:26 ; elapsed = 00:00:19 . Memory (MB): peak = 1912.762 ; gain = 0.000

Time (s): cpu = 00:00:26 ; elapsed = 00:00:19 . Memory (MB): peak = 1912.762 ; gain = 0.000
Phase 4.1 Post Commit Optimization | Checksum: 2108630ac

Time (s): cpu = 00:00:26 ; elapsed = 00:00:20 . Memory (MB): peak = 1912.762 ; gain = 0.000

Phase 4.2 Post Placement Cleanup
Phase 4.2 Post Placement Cleanup | Checksum: 2108630ac

Time (s): cpu = 00:00:26 ; elapsed = 00:00:20 . Memory (MB): peak = 1912.762 ; gain = 0.000

Phase 4.3 Placer Reporting

Phase 4.3.1 Print Estimated Congestion
INFO: [Place 30-612] Post-Placement Estimated Congestion 
 ____________________________________________________
|           | Global Congestion | Short Congestion  |
| Direction | Region Size       | Region Size       |
|___________|___________________|___________________|
|      North|                1x1|                1x1|
|___________|___________________|___________________|
|      South|                1x1|                4x4|
|___________|___________________|___________________|
|       East|                1x1|                1x1|
|___________|___________________|___________________|
|       West|                1x1|                1x1|
|___________|___________________|___________________|

Phase 4.3.1 Print Estimated Congestion | Checksum: 2108630ac

Time (s): cpu = 00:00:26 ; elapsed = 00:00:20 . Memory (MB): peak = 1912.762 ; gain = 0.000
Phase 4.3 Placer Reporting | Checksum: 2108630ac

Time (s): cpu = 00:00:26 ; elapsed = 00:00:20 . Memory (MB): peak = 1912.762 ; gain = 0.000

Phase 4.4 Final Placement Cleanup
Netlist sorting complete. Time (s): cpu = 00:00:00 ; elapsed = 00:00:00.001 . Memory (MB): peak = 1912.762 ; gain = 0.000

Time (s): cpu = 00:00:26 ; elapsed = 00:00:20 . Memory (MB): peak = 1912.762 ; gain = 0.000
Phase 4 Post Placement Optimization and Clean-Up | Checksum: 16dccf806

Time (s): cpu = 00:00:26 ; elapsed = 00:00:20 . Memory (MB): peak = 1912.762 ; gain = 0.000
Ending Placer Task | Checksum: 91c57845

Time (s): cpu = 00:00:26 ; elapsed = 00:00:20 . Memory (MB): peak = 1912.762 ; gain = 0.000
INFO: [Common 17-83] Releasing license: Implementation
62 Infos, 0 Warnings, 0 Critical Warnings and 0 Errors encountered.
place_design completed successfully
place_design: Time (s): cpu = 00:00:31 ; elapsed = 00:00:22 . Memory (MB): peak = 1912.762 ; gain = 0.000
INFO: [Common 17-600] The following parameters have non-default value.
general.maxThreads
Command: phys_opt_design
Attempting to get a license for feature 'Implementation' and/or device 'xc7z020'
INFO: [Common 17-349] Got license for feature 'Implementation' and/or device 'xc7z020'
INFO: [Vivado_Tcl 4-383] Design worst setup slack (WNS) is greater than or equal to 0.000 ns. Skipping all physical synthesis optimizations.
INFO: [Vivado_Tcl 4-232] No setup violation found. The netlist was not modified.
INFO: [Common 17-83] Releasing license: Implementation
67 Infos, 0 Warnings, 0 Critical Warnings and 0 Errors encountered.
phys_opt_design completed successfully
INFO: [Common 17-600] The following parameters have non-default value.
general.maxThreads
Command: route_design
Attempting to get a license for feature 'Implementation' and/or device 'xc7z020'
INFO: [Common 17-349] Got license for feature 'Implementation' and/or device 'xc7z020'
Running DRC as a precondition to command route_design
INFO: [DRC 23-27] Running DRC with 4 threads
INFO: [Vivado_Tcl 4-198] DRC finished with 0 Errors
INFO: [Vivado_Tcl 4-199] Please refer to the DRC report (report_drc) for more information.


Starting Routing Task
INFO: [Route 35-254] Multithreading enabled for route_design using a maximum of 4 CPUs

Phase 1 Build RT Design
Checksum: PlaceDB: 73009f54 ConstDB: 0 ShapeSum: 1ec4d8f1 RouteDB: 0
Post Restoration Checksum: NetGraph: eea0e047 NumContArr: e5093ae0 Constraints: 0 Timing: 0
Phase 1 Build RT Design | Checksum: 1d3aa1b27

Time (s): cpu = 00:00:58 ; elapsed = 00:00:59 . Memory (MB): peak = 1952.898 ; gain = 40.137

Phase 2 Router Initialization

Phase 2.1 Fix Topology Constraints
Phase 2.1 Fix Topology Constraints | Checksum: 1d3aa1b27

Time (s): cpu = 00:00:58 ; elapsed = 00:00:59 . Memory (MB): peak = 1967.727 ; gain = 54.965

Phase 2.2 Pre Route Cleanup
Phase 2.2 Pre Route Cleanup | Checksum: 1d3aa1b27

Time (s): cpu = 00:00:58 ; elapsed = 00:00:59 . Memory (MB): peak = 1967.727 ; gain = 54.965
 Number of Nodes with overlaps = 0

Phase 2.3 Update Timing
Phase 2.3 Update Timing | Checksum: 1cde56eda

Time (s): cpu = 00:01:01 ; elapsed = 00:01:01 . Memory (MB): peak = 1987.137 ; gain = 74.375
INFO: [Route 35-416] Intermediate Timing Summary | WNS=0.588  | TNS=0.000  | WHS=-0.143 | THS=-6.808 |


Router Utilization Summary
  Global Vertical Routing Utilization    = 0 %
  Global Horizontal Routing Utilization  = 0 %
  Routable Net Status*
  *Does not include unroutable nets such as driverless and loadless.
  Run report_route_status for detailed report.
  Number of Failed Nets               = 2486
    (Failed Nets is the sum of unrouted and partially routed nets)
  Number of Unrouted Nets             = 2486
  Number of Partially Routed Nets     = 0
  Number of Node Overlaps             = 0

Phase 2 Router Initialization | Checksum: 211192ddc

Time (s): cpu = 00:01:02 ; elapsed = 00:01:03 . Memory (MB): peak = 1995.121 ; gain = 82.359

Phase 3 Initial Routing

Phase 3.1 Global Routing
Phase 3.1 Global Routing | Checksum: 211192ddc

Time (s): cpu = 00:01:02 ; elapsed = 00:01:03 . Memory (MB): peak = 1995.121 ; gain = 82.359
Phase 3 Initial Routing | Checksum: 181df6c24

Time (s): cpu = 00:01:05 ; elapsed = 00:01:04 . Memory (MB): peak = 1998.953 ; gain = 86.191

Phase 4 Rip-up And Reroute

Phase 4.1 Global Iteration 0
 Number of Nodes with overlaps = 1138
 Number of Nodes with overlaps = 584
 Number of Nodes with overlaps = 256
 Number of Nodes with overlaps = 177
 Number of Nodes with overlaps = 82
 Number of Nodes with overlaps = 35
 Number of Nodes with overlaps = 18
 Number of Nodes with overlaps = 8
 Number of Nodes with overlaps = 7
 Number of Nodes with overlaps = 6
 Number of Nodes with overlaps = 3
 Number of Nodes with overlaps = 0
INFO: [Route 35-416] Intermediate Timing Summary | WNS=0.006  | TNS=0.000  | WHS=N/A    | THS=N/A    |

Phase 4.1 Global Iteration 0 | Checksum: 17fd82231

Time (s): cpu = 00:01:21 ; elapsed = 00:01:15 . Memory (MB): peak = 1998.953 ; gain = 86.191

Phase 4.2 Global Iteration 1
 Number of Nodes with overlaps = 351
 Number of Nodes with overlaps = 317
 Number of Nodes with overlaps = 129
 Number of Nodes with overlaps = 94
 Number of Nodes with overlaps = 67
 Number of Nodes with overlaps = 46
 Number of Nodes with overlaps = 43
 Number of Nodes with overlaps = 8
 Number of Nodes with overlaps = 15
 Number of Nodes with overlaps = 4
 Number of Nodes with overlaps = 6
 Number of Nodes with overlaps = 4
 Number of Nodes with overlaps = 4
 Number of Nodes with overlaps = 2
 Number of Nodes with overlaps = 1
 Number of Nodes with overlaps = 0
INFO: [Route 35-416] Intermediate Timing Summary | WNS=-0.101 | TNS=-0.124 | WHS=N/A    | THS=N/A    |

Phase 4.2 Global Iteration 1 | Checksum: 18989de34

Time (s): cpu = 00:01:46 ; elapsed = 00:01:36 . Memory (MB): peak = 1998.953 ; gain = 86.191
Phase 4 Rip-up And Reroute | Checksum: 18989de34

Time (s): cpu = 00:01:46 ; elapsed = 00:01:36 . Memory (MB): peak = 1998.953 ; gain = 86.191

Phase 5 Delay and Skew Optimization

Phase 5.1 Delay CleanUp

Phase 5.1.1 Update Timing
Phase 5.1.1 Update Timing | Checksum: 123c8fdff

Time (s): cpu = 00:01:47 ; elapsed = 00:01:36 . Memory (MB): peak = 1998.953 ; gain = 86.191
INFO: [Route 35-416] Intermediate Timing Summary | WNS=0.121  | TNS=0.000  | WHS=N/A    | THS=N/A    |

Phase 5.1 Delay CleanUp | Checksum: 123c8fdff

Time (s): cpu = 00:01:47 ; elapsed = 00:01:36 . Memory (MB): peak = 1998.953 ; gain = 86.191

Phase 5.2 Clock Skew Optimization
Phase 5.2 Clock Skew Optimization | Checksum: 123c8fdff

Time (s): cpu = 00:01:47 ; elapsed = 00:01:36 . Memory (MB): peak = 1998.953 ; gain = 86.191
Phase 5 Delay and Skew Optimization | Checksum: 123c8fdff

Time (s): cpu = 00:01:47 ; elapsed = 00:01:36 . Memory (MB): peak = 1998.953 ; gain = 86.191

Phase 6 Post Hold Fix

Phase 6.1 Hold Fix Iter

Phase 6.1.1 Update Timing
Phase 6.1.1 Update Timing | Checksum: 1127be0ae

Time (s): cpu = 00:01:47 ; elapsed = 00:01:36 . Memory (MB): peak = 1998.953 ; gain = 86.191
INFO: [Route 35-416] Intermediate Timing Summary | WNS=0.121  | TNS=0.000  | WHS=0.027  | THS=0.000  |

Phase 6.1 Hold Fix Iter | Checksum: d3f7ccbf

Time (s): cpu = 00:01:47 ; elapsed = 00:01:36 . Memory (MB): peak = 1998.953 ; gain = 86.191
Phase 6 Post Hold Fix | Checksum: d3f7ccbf

Time (s): cpu = 00:01:47 ; elapsed = 00:01:36 . Memory (MB): peak = 1998.953 ; gain = 86.191

Phase 7 Route finalize

Router Utilization Summary
  Global Vertical Routing Utilization    = 0.754996 %
  Global Horizontal Routing Utilization  = 0.906609 %
  Routable Net Status*
  *Does not include unroutable nets such as driverless and loadless.
  Run report_route_status for detailed report.
  Number of Failed Nets               = 0
    (Failed Nets is the sum of unrouted and partially routed nets)
  Number of Unrouted Nets             = 0
  Number of Partially Routed Nets     = 0
  Number of Node Overlaps             = 0

Phase 7 Route finalize | Checksum: 1246224bf

Time (s): cpu = 00:01:47 ; elapsed = 00:01:37 . Memory (MB): peak = 1998.953 ; gain = 86.191

Phase 8 Verifying routed nets

 Verification completed successfully
Phase 8 Verifying routed nets | Checksum: 1246224bf

Time (s): cpu = 00:01:48 ; elapsed = 00:01:37 . Memory (MB): peak = 1998.953 ; gain = 86.191

Phase 9 Depositing Routes
Phase 9 Depositing Routes | Checksum: 1c544be62

Time (s): cpu = 00:01:48 ; elapsed = 00:01:37 . Memory (MB): peak = 1998.953 ; gain = 86.191

Phase 10 Post Router Timing
INFO: [Route 35-57] Estimated Timing Summary | WNS=0.121  | TNS=0.000  | WHS=0.027  | THS=0.000  |

INFO: [Route 35-327] The final timing numbers are based on the router estimated timing analysis. For a complete and accurate timing signoff, please run report_timing_summary.
Phase 10 Post Router Timing | Checksum: 1c544be62

Time (s): cpu = 00:01:48 ; elapsed = 00:01:38 . Memory (MB): peak = 1998.953 ; gain = 86.191
INFO: [Route 35-16] Router Completed Successfully

Time (s): cpu = 00:01:49 ; elapsed = 00:01:38 . Memory (MB): peak = 1998.953 ; gain = 86.191

Routing Is Done.
INFO: [Common 17-83] Releasing license: Implementation
82 Infos, 0 Warnings, 0 Critical Warnings and 0 Errors encountered.
route_design completed successfully
route_design: Time (s): cpu = 00:01:54 ; elapsed = 00:01:40 . Memory (MB): peak = 1998.953 ; gain = 86.191
INFO: [Common 17-600] The following parameters have non-default value.
general.maxThreads
report_ram_utilization: Time (s): cpu = 00:00:00 ; elapsed = 00:00:00 . Memory (MB): peak = 1998.953 ; gain = 0.000
INFO: [Timing 38-91] UpdateTimingParams: Speed grade: -1, Delay Type: min_max.
INFO: [Timing 38-191] Multithreading enabled for timing update using a maximum of 4 CPUs
INFO: [Timing 38-91] UpdateTimingParams: Speed grade: -1, Delay Type: max.
INFO: [Timing 38-191] Multithreading enabled for timing update using a maximum of 4 CPUs
INFO: [Timing 38-78] ReportTimingParams: -max_paths 20 -nworst 1 -delay_type max -sort_by slack.
INFO: [Timing 38-91] UpdateTimingParams: Speed grade: -1, Delay Type: max.
INFO: [Timing 38-191] Multithreading enabled for timing update using a maximum of 4 CPUs
INFO: [Timing 38-78] ReportTimingParams: -max_paths 10 -nworst 1 -delay_type max -sort_by slack.
report_high_fanout_nets: Time (s): cpu = 00:00:01 ; elapsed = 00:00:00.677 . Memory (MB): peak = 1998.953 ; gain = 0.000
Command: report_drc -file C:/Users/iuhj0/Eddie/rag_db_project/artifacts/implementation/optimized_accelerator/run_004/drc.rpt
INFO: [IP_Flow 19-234] Refreshing IP repositories
INFO: [IP_Flow 19-1704] No user IP repositories specified
INFO: [IP_Flow 19-2313] Loaded Vivado IP repository 'C:/Xilinx/Vivado/2022.1/data/ip'.
INFO: [DRC 23-27] Running DRC with 4 threads
INFO: [Vivado_Tcl 2-168] The results of DRC are in file C:/Users/iuhj0/Eddie/rag_db_project/artifacts/implementation/optimized_accelerator/run_004/drc.rpt.
report_drc completed successfully
INFO: [Timing 38-480] Writing timing data to binary archive.
Writing XDEF routing.
Writing XDEF routing logical nets.
Writing XDEF routing special nets.
Write XDEF Complete: Time (s): cpu = 00:00:02 ; elapsed = 00:00:00.810 . Memory (MB): peak = 2032.207 ; gain = 0.000
INFO: [Common 17-1381] The checkpoint 'C:/Users/iuhj0/Eddie/rag_db_project/.automation_debug/optimized_accelerator/analysis_005/project/workspace/optimized_accelerator/.vivado_flow/post_route.dcp' has been generated.
# exit 0
INFO: [Common 17-206] Exiting Vivado at Sat Sep 19 17:28:51 2026...
