Copyright 1986-2022 Xilinx, Inc. All Rights Reserved.
---------------------------------------------------------------------------------------------------------------------------------------------------------------------------
| Tool Version : Vivado v.2022.1 (win64) Build 3526262 Mon Apr 18 15:48:16 MDT 2022
| Date         : Sat Sep 19 17:25:36 2026
| Host         : BOOK-P2O9FRPHFQ running 64-bit major release  (build 9200)
| Command      : report_utilization -hierarchical -file C:/Users/iuhj0/Eddie/rag_db_project/artifacts/synthesis/optimized_accelerator/run_004/utilization_hierarchical.rpt
| Design       : zyNet
| Device       : xc7z020clg400-1
| Speed File   : -1
| Design State : Synthesized
---------------------------------------------------------------------------------------------------------------------------------------------------------------------------

Utilization Design Information

Table of Contents
-----------------
1. Utilization by Hierarchy

1. Utilization by Hierarchy
---------------------------

+--------------------------------------------------------------------+---------------------+------------+------------+---------+------+-----+--------+--------+------------+
|                              Instance                              |        Module       | Total LUTs | Logic LUTs | LUTRAMs | SRLs | FFs | RAMB36 | RAMB18 | DSP Blocks |
+--------------------------------------------------------------------+---------------------+------------+------------+---------+------+-----+--------+--------+------------+
| zyNet                                                              |               (top) |       1258 |       1258 |       0 |    0 | 714 |     10 |      5 |         25 |
|   (zyNet)                                                          |               (top) |          0 |          0 |       0 |    0 |   3 |      0 |      0 |          0 |
|   activation_unit_instance                                         |     activation_unit |        300 |        300 |       0 |    0 |  36 |      0 |      0 |          0 |
|   axi_lite_wrapper_instance                                        |    axi_lite_wrapper |         13 |         13 |       0 |    0 |  15 |      0 |      0 |          0 |
|   bias_sram_instance                                               |           bias_sram |          7 |          7 |       0 |    0 |  35 |      0 |      0 |          0 |
|   dnn_scheduler_instance                                           |       dnn_scheduler |        200 |        200 |       0 |    0 |  31 |      0 |      0 |          0 |
|   maxFinder_instance                                               |           maxFinder |         27 |         27 |       0 |    0 |  56 |      0 |      0 |          0 |
|   systolic_controller_instance                                     | systolic_controller |        690 |        690 |       0 |    0 | 458 |      0 |      0 |         25 |
|     (systolic_controller_instance)                                 | systolic_controller |        253 |        253 |       0 |    0 |  18 |      0 |      0 |          0 |
|     systolic_array_2d_instance                                     |   systolic_array_2d |        437 |        437 |       0 |    0 | 440 |      0 |      0 |         25 |
|       ARRAY_ROWS[0].ARRAY_COLUMNS[0].pe_systolic_cell_instance     |    pe_systolic_cell |          6 |          6 |       0 |    0 |  17 |      0 |      0 |          1 |
|         (ARRAY_ROWS[0].ARRAY_COLUMNS[0].pe_systolic_cell_instance) |    pe_systolic_cell |          5 |          5 |       0 |    0 |  17 |      0 |      0 |          0 |
|         mac_pe_instance                                            |           mac_pe_47 |          1 |          1 |       0 |    0 |   0 |      0 |      0 |          1 |
|       ARRAY_ROWS[0].ARRAY_COLUMNS[1].pe_systolic_cell_instance     |  pe_systolic_cell_0 |          5 |          5 |       0 |    0 |  17 |      0 |      0 |          1 |
|         (ARRAY_ROWS[0].ARRAY_COLUMNS[1].pe_systolic_cell_instance) |  pe_systolic_cell_0 |          4 |          4 |       0 |    0 |  17 |      0 |      0 |          0 |
|         mac_pe_instance                                            |           mac_pe_46 |          1 |          1 |       0 |    0 |   0 |      0 |      0 |          1 |
|       ARRAY_ROWS[0].ARRAY_COLUMNS[2].pe_systolic_cell_instance     |  pe_systolic_cell_1 |          5 |          5 |       0 |    0 |  18 |      0 |      0 |          1 |
|         (ARRAY_ROWS[0].ARRAY_COLUMNS[2].pe_systolic_cell_instance) |  pe_systolic_cell_1 |          4 |          4 |       0 |    0 |  18 |      0 |      0 |          0 |
|         mac_pe_instance                                            |           mac_pe_45 |          1 |          1 |       0 |    0 |   0 |      0 |      0 |          1 |
|       ARRAY_ROWS[0].ARRAY_COLUMNS[3].pe_systolic_cell_instance     |  pe_systolic_cell_2 |         43 |         43 |       0 |    0 |  18 |      0 |      0 |          1 |
|         (ARRAY_ROWS[0].ARRAY_COLUMNS[3].pe_systolic_cell_instance) |  pe_systolic_cell_2 |          4 |          4 |       0 |    0 |  18 |      0 |      0 |          0 |
|         mac_pe_instance                                            |           mac_pe_44 |         39 |         39 |       0 |    0 |   0 |      0 |      0 |          1 |
|       ARRAY_ROWS[0].ARRAY_COLUMNS[4].pe_systolic_cell_instance     |  pe_systolic_cell_3 |          4 |          4 |       0 |    0 |  18 |      0 |      0 |          1 |
|         (ARRAY_ROWS[0].ARRAY_COLUMNS[4].pe_systolic_cell_instance) |  pe_systolic_cell_3 |          3 |          3 |       0 |    0 |  18 |      0 |      0 |          0 |
|         mac_pe_instance                                            |           mac_pe_43 |          1 |          1 |       0 |    0 |   0 |      0 |      0 |          1 |
|       ARRAY_ROWS[1].ARRAY_COLUMNS[0].pe_systolic_cell_instance     |  pe_systolic_cell_4 |          5 |          5 |       0 |    0 |  17 |      0 |      0 |          1 |
|         (ARRAY_ROWS[1].ARRAY_COLUMNS[0].pe_systolic_cell_instance) |  pe_systolic_cell_4 |          4 |          4 |       0 |    0 |  17 |      0 |      0 |          0 |
|         mac_pe_instance                                            |           mac_pe_42 |          1 |          1 |       0 |    0 |   0 |      0 |      0 |          1 |
|       ARRAY_ROWS[1].ARRAY_COLUMNS[1].pe_systolic_cell_instance     |  pe_systolic_cell_5 |          3 |          3 |       0 |    0 |  17 |      0 |      0 |          1 |
|         (ARRAY_ROWS[1].ARRAY_COLUMNS[1].pe_systolic_cell_instance) |  pe_systolic_cell_5 |          2 |          2 |       0 |    0 |  17 |      0 |      0 |          0 |
|         mac_pe_instance                                            |           mac_pe_41 |          1 |          1 |       0 |    0 |   0 |      0 |      0 |          1 |
|       ARRAY_ROWS[1].ARRAY_COLUMNS[2].pe_systolic_cell_instance     |  pe_systolic_cell_6 |         47 |         47 |       0 |    0 |  18 |      0 |      0 |          1 |
|         (ARRAY_ROWS[1].ARRAY_COLUMNS[2].pe_systolic_cell_instance) |  pe_systolic_cell_6 |          2 |          2 |       0 |    0 |  18 |      0 |      0 |          0 |
|         mac_pe_instance                                            |           mac_pe_40 |         45 |         45 |       0 |    0 |   0 |      0 |      0 |          1 |
|       ARRAY_ROWS[1].ARRAY_COLUMNS[3].pe_systolic_cell_instance     |  pe_systolic_cell_7 |         41 |         41 |       0 |    0 |  18 |      0 |      0 |          1 |
|         (ARRAY_ROWS[1].ARRAY_COLUMNS[3].pe_systolic_cell_instance) |  pe_systolic_cell_7 |          2 |          2 |       0 |    0 |  18 |      0 |      0 |          0 |
|         mac_pe_instance                                            |           mac_pe_39 |         39 |         39 |       0 |    0 |   0 |      0 |      0 |          1 |
|       ARRAY_ROWS[1].ARRAY_COLUMNS[4].pe_systolic_cell_instance     |  pe_systolic_cell_8 |          2 |          2 |       0 |    0 |  18 |      0 |      0 |          1 |
|         (ARRAY_ROWS[1].ARRAY_COLUMNS[4].pe_systolic_cell_instance) |  pe_systolic_cell_8 |          1 |          1 |       0 |    0 |  18 |      0 |      0 |          0 |
|         mac_pe_instance                                            |           mac_pe_38 |          1 |          1 |       0 |    0 |   0 |      0 |      0 |          1 |
|       ARRAY_ROWS[2].ARRAY_COLUMNS[0].pe_systolic_cell_instance     |  pe_systolic_cell_9 |          5 |          5 |       0 |    0 |  17 |      0 |      0 |          1 |
|         (ARRAY_ROWS[2].ARRAY_COLUMNS[0].pe_systolic_cell_instance) |  pe_systolic_cell_9 |          4 |          4 |       0 |    0 |  17 |      0 |      0 |          0 |
|         mac_pe_instance                                            |           mac_pe_37 |          1 |          1 |       0 |    0 |   0 |      0 |      0 |          1 |
|       ARRAY_ROWS[2].ARRAY_COLUMNS[1].pe_systolic_cell_instance     | pe_systolic_cell_10 |          3 |          3 |       0 |    0 |  17 |      0 |      0 |          1 |
|         (ARRAY_ROWS[2].ARRAY_COLUMNS[1].pe_systolic_cell_instance) | pe_systolic_cell_10 |          2 |          2 |       0 |    0 |  17 |      0 |      0 |          0 |
|         mac_pe_instance                                            |           mac_pe_36 |          1 |          1 |       0 |    0 |   0 |      0 |      0 |          1 |
|       ARRAY_ROWS[2].ARRAY_COLUMNS[2].pe_systolic_cell_instance     | pe_systolic_cell_11 |         47 |         47 |       0 |    0 |  18 |      0 |      0 |          1 |
|         (ARRAY_ROWS[2].ARRAY_COLUMNS[2].pe_systolic_cell_instance) | pe_systolic_cell_11 |          2 |          2 |       0 |    0 |  18 |      0 |      0 |          0 |
|         mac_pe_instance                                            |           mac_pe_35 |         45 |         45 |       0 |    0 |   0 |      0 |      0 |          1 |
|       ARRAY_ROWS[2].ARRAY_COLUMNS[3].pe_systolic_cell_instance     | pe_systolic_cell_12 |         41 |         41 |       0 |    0 |  18 |      0 |      0 |          1 |
|         (ARRAY_ROWS[2].ARRAY_COLUMNS[3].pe_systolic_cell_instance) | pe_systolic_cell_12 |          2 |          2 |       0 |    0 |  18 |      0 |      0 |          0 |
|         mac_pe_instance                                            |           mac_pe_34 |         39 |         39 |       0 |    0 |   0 |      0 |      0 |          1 |
|       ARRAY_ROWS[2].ARRAY_COLUMNS[4].pe_systolic_cell_instance     | pe_systolic_cell_13 |          2 |          2 |       0 |    0 |  18 |      0 |      0 |          1 |
|         (ARRAY_ROWS[2].ARRAY_COLUMNS[4].pe_systolic_cell_instance) | pe_systolic_cell_13 |          1 |          1 |       0 |    0 |  18 |      0 |      0 |          0 |
|         mac_pe_instance                                            |           mac_pe_33 |          1 |          1 |       0 |    0 |   0 |      0 |      0 |          1 |
|       ARRAY_ROWS[3].ARRAY_COLUMNS[0].pe_systolic_cell_instance     | pe_systolic_cell_14 |          5 |          5 |       0 |    0 |  17 |      0 |      0 |          1 |
|         (ARRAY_ROWS[3].ARRAY_COLUMNS[0].pe_systolic_cell_instance) | pe_systolic_cell_14 |          4 |          4 |       0 |    0 |  17 |      0 |      0 |          0 |
|         mac_pe_instance                                            |           mac_pe_32 |          1 |          1 |       0 |    0 |   0 |      0 |      0 |          1 |
|       ARRAY_ROWS[3].ARRAY_COLUMNS[1].pe_systolic_cell_instance     | pe_systolic_cell_15 |          3 |          3 |       0 |    0 |  17 |      0 |      0 |          1 |
|         (ARRAY_ROWS[3].ARRAY_COLUMNS[1].pe_systolic_cell_instance) | pe_systolic_cell_15 |          2 |          2 |       0 |    0 |  17 |      0 |      0 |          0 |
|         mac_pe_instance                                            |           mac_pe_31 |          1 |          1 |       0 |    0 |   0 |      0 |      0 |          1 |
|       ARRAY_ROWS[3].ARRAY_COLUMNS[2].pe_systolic_cell_instance     | pe_systolic_cell_16 |         47 |         47 |       0 |    0 |  18 |      0 |      0 |          1 |
|         (ARRAY_ROWS[3].ARRAY_COLUMNS[2].pe_systolic_cell_instance) | pe_systolic_cell_16 |          2 |          2 |       0 |    0 |  18 |      0 |      0 |          0 |
|         mac_pe_instance                                            |           mac_pe_30 |         45 |         45 |       0 |    0 |   0 |      0 |      0 |          1 |
|       ARRAY_ROWS[3].ARRAY_COLUMNS[3].pe_systolic_cell_instance     | pe_systolic_cell_17 |         41 |         41 |       0 |    0 |  18 |      0 |      0 |          1 |
|         (ARRAY_ROWS[3].ARRAY_COLUMNS[3].pe_systolic_cell_instance) | pe_systolic_cell_17 |          2 |          2 |       0 |    0 |  18 |      0 |      0 |          0 |
|         mac_pe_instance                                            |           mac_pe_29 |         39 |         39 |       0 |    0 |   0 |      0 |      0 |          1 |
|       ARRAY_ROWS[3].ARRAY_COLUMNS[4].pe_systolic_cell_instance     | pe_systolic_cell_18 |          2 |          2 |       0 |    0 |  18 |      0 |      0 |          1 |
|         (ARRAY_ROWS[3].ARRAY_COLUMNS[4].pe_systolic_cell_instance) | pe_systolic_cell_18 |          1 |          1 |       0 |    0 |  18 |      0 |      0 |          0 |
|         mac_pe_instance                                            |           mac_pe_28 |          1 |          1 |       0 |    0 |   0 |      0 |      0 |          1 |
|       ARRAY_ROWS[4].ARRAY_COLUMNS[0].pe_systolic_cell_instance     | pe_systolic_cell_19 |          4 |          4 |       0 |    0 |  17 |      0 |      0 |          1 |
|         (ARRAY_ROWS[4].ARRAY_COLUMNS[0].pe_systolic_cell_instance) | pe_systolic_cell_19 |          3 |          3 |       0 |    0 |  17 |      0 |      0 |          0 |
|         mac_pe_instance                                            |           mac_pe_27 |          1 |          1 |       0 |    0 |   0 |      0 |      0 |          1 |
|       ARRAY_ROWS[4].ARRAY_COLUMNS[1].pe_systolic_cell_instance     | pe_systolic_cell_20 |          2 |          2 |       0 |    0 |  17 |      0 |      0 |          1 |
|         (ARRAY_ROWS[4].ARRAY_COLUMNS[1].pe_systolic_cell_instance) | pe_systolic_cell_20 |          1 |          1 |       0 |    0 |  17 |      0 |      0 |          0 |
|         mac_pe_instance                                            |           mac_pe_26 |          1 |          1 |       0 |    0 |   0 |      0 |      0 |          1 |
|       ARRAY_ROWS[4].ARRAY_COLUMNS[2].pe_systolic_cell_instance     | pe_systolic_cell_21 |         46 |         46 |       0 |    0 |  18 |      0 |      0 |          1 |
|         (ARRAY_ROWS[4].ARRAY_COLUMNS[2].pe_systolic_cell_instance) | pe_systolic_cell_21 |          1 |          1 |       0 |    0 |  18 |      0 |      0 |          0 |
|         mac_pe_instance                                            |           mac_pe_25 |         45 |         45 |       0 |    0 |   0 |      0 |      0 |          1 |
|       ARRAY_ROWS[4].ARRAY_COLUMNS[3].pe_systolic_cell_instance     | pe_systolic_cell_22 |         28 |         28 |       0 |    0 |  18 |      0 |      0 |          1 |
|         (ARRAY_ROWS[4].ARRAY_COLUMNS[3].pe_systolic_cell_instance) | pe_systolic_cell_22 |          1 |          1 |       0 |    0 |  18 |      0 |      0 |          0 |
|         mac_pe_instance                                            |           mac_pe_24 |         27 |         27 |       0 |    0 |   0 |      0 |      0 |          1 |
|       ARRAY_ROWS[4].ARRAY_COLUMNS[4].pe_systolic_cell_instance     | pe_systolic_cell_23 |          4 |          4 |       0 |    0 |  18 |      0 |      0 |          1 |
|         (ARRAY_ROWS[4].ARRAY_COLUMNS[4].pe_systolic_cell_instance) | pe_systolic_cell_23 |          2 |          2 |       0 |    0 |  18 |      0 |      0 |          0 |
|         mac_pe_instance                                            |              mac_pe |          2 |          2 |       0 |    0 |   0 |      0 |      0 |          1 |
|   unified_buffer_instance                                          |      unified_buffer |         68 |         68 |       0 |    0 |  75 |      0 |      5 |          0 |
|   weight_sram_instance                                             |         weight_sram |          0 |          0 |       0 |    0 |   5 |     10 |      0 |          0 |
+--------------------------------------------------------------------+---------------------+------------+------------+---------+------+-----+--------+--------+------------+


