Copyright 1986-2022 Xilinx, Inc. All Rights Reserved.
-------------------------------------------------------------------------------------------------------------------------------------------
| Tool Version     : Vivado v.2022.1 (win64) Build 3526262 Mon Apr 18 15:48:16 MDT 2022
| Date             : Fri Sep  4 15:08:24 2026
| Host             : BOOK-P2O9FRPHFQ running 64-bit major release  (build 9200)
| Command          : report_power -file C:/intelFPGA/18.1/dnn_optimization_project/vivado_ppa_compare/workspace_systolic/power.rpt
| Design           : zyNet
| Device           : xc7z020clg400-1
| Design State     : synthesized
| Grade            : commercial
| Process          : typical
| Characterization : Production
-------------------------------------------------------------------------------------------------------------------------------------------

Power Report

Table of Contents
-----------------
1. Summary
1.1 On-Chip Components
1.2 Power Supply Summary
1.3 Confidence Level
2. Settings
2.1 Environment
2.2 Clock Constraints
3. Detailed Reports
3.1 By Hierarchy

1. Summary
----------

+--------------------------+--------------+
| Total On-Chip Power (W)  | 0.313        |
| Design Power Budget (W)  | Unspecified* |
| Power Budget Margin (W)  | NA           |
| Dynamic (W)              | 0.205        |
| Device Static (W)        | 0.108        |
| Effective TJA (C/W)      | 11.5         |
| Max Ambient (C)          | 81.4         |
| Junction Temperature (C) | 28.6         |
| Confidence Level         | Low          |
| Setting File             | ---          |
| Simulation Activity File | ---          |
| Design Nets Matched      | NA           |
+--------------------------+--------------+
* Specify Design Power Budget using, set_operating_conditions -design_power_budget <value in Watts>


1.1 On-Chip Components
----------------------

+--------------------------+-----------+----------+-----------+-----------------+
| On-Chip                  | Power (W) | Used     | Available | Utilization (%) |
+--------------------------+-----------+----------+-----------+-----------------+
| Clocks                   |     0.014 |        3 |       --- |             --- |
| Slice Logic              |     0.104 |    29945 |       --- |             --- |
|   LUT as Logic           |     0.093 |    17944 |     53200 |           33.73 |
|   F7/F8 Muxes            |     0.006 |     8245 |     53200 |           15.50 |
|   CARRY4                 |     0.005 |      617 |     13300 |            4.64 |
|   Register               |    <0.001 |     1426 |    106400 |            1.34 |
|   LUT as Distributed RAM |    <0.001 |       80 |     17400 |            0.46 |
|   Others                 |     0.000 |       71 |       --- |             --- |
| Signals                  |     0.078 |    10589 |       --- |             --- |
| Block RAM                |     0.005 |      2.5 |       140 |            1.79 |
| DSPs                     |     0.002 |        5 |       220 |            2.27 |
| I/O                      |     0.002 |       64 |       125 |           51.20 |
| Static Power             |     0.108 |          |           |                 |
| Total                    |     0.313 |          |           |                 |
+--------------------------+-----------+----------+-----------+-----------------+


1.2 Power Supply Summary
------------------------

+-----------+-------------+-----------+-------------+------------+-------------+-------------+------------+
| Source    | Voltage (V) | Total (A) | Dynamic (A) | Static (A) | Powerup (A) | Budget (A)  | Margin (A) |
+-----------+-------------+-----------+-------------+------------+-------------+-------------+------------+
| Vccint    |       1.000 |     0.211 |       0.203 |      0.008 |       NA    | Unspecified | NA         |
| Vccaux    |       1.800 |     0.011 |       0.000 |      0.011 |       NA    | Unspecified | NA         |
| Vcco33    |       3.300 |     0.000 |       0.000 |      0.000 |       NA    | Unspecified | NA         |
| Vcco25    |       2.500 |     0.000 |       0.000 |      0.000 |       NA    | Unspecified | NA         |
| Vcco18    |       1.800 |     0.002 |       0.001 |      0.001 |       NA    | Unspecified | NA         |
| Vcco15    |       1.500 |     0.000 |       0.000 |      0.000 |       NA    | Unspecified | NA         |
| Vcco135   |       1.350 |     0.000 |       0.000 |      0.000 |       NA    | Unspecified | NA         |
| Vcco12    |       1.200 |     0.000 |       0.000 |      0.000 |       NA    | Unspecified | NA         |
| Vccaux_io |       1.800 |     0.000 |       0.000 |      0.000 |       NA    | Unspecified | NA         |
| Vccbram   |       1.000 |     0.001 |       0.000 |      0.001 |       NA    | Unspecified | NA         |
| MGTAVcc   |       1.000 |     0.000 |       0.000 |      0.000 |       NA    | Unspecified | NA         |
| MGTAVtt   |       1.200 |     0.000 |       0.000 |      0.000 |       NA    | Unspecified | NA         |
| MGTVccaux |       1.800 |     0.000 |       0.000 |      0.000 |       NA    | Unspecified | NA         |
| Vccpint   |       1.000 |     0.018 |       0.000 |      0.018 |       NA    | Unspecified | NA         |
| Vccpaux   |       1.800 |     0.010 |       0.000 |      0.010 |       NA    | Unspecified | NA         |
| Vccpll    |       1.800 |     0.003 |       0.000 |      0.003 |       NA    | Unspecified | NA         |
| Vcco_ddr  |       1.500 |     0.000 |       0.000 |      0.000 |       NA    | Unspecified | NA         |
| Vcco_mio0 |       1.800 |     0.000 |       0.000 |      0.000 |       NA    | Unspecified | NA         |
| Vcco_mio1 |       1.800 |     0.000 |       0.000 |      0.000 |       NA    | Unspecified | NA         |
| Vccadc    |       1.800 |     0.020 |       0.000 |      0.020 |       NA    | Unspecified | NA         |
+-----------+-------------+-----------+-------------+------------+-------------+-------------+------------+


1.3 Confidence Level
--------------------

+-----------------------------+------------+--------------------------------------------------------+------------------------------------------------------------------------------------------------------------+
| User Input Data             | Confidence | Details                                                | Action                                                                                                     |
+-----------------------------+------------+--------------------------------------------------------+------------------------------------------------------------------------------------------------------------+
| Design implementation state | Low        | Design is synthesized                                  | Accuracy of the tool is not optimal until design is fully placed and routed                                |
| Clock nodes activity        | High       | User specified more than 95% of clocks                 |                                                                                                            |
| I/O nodes activity          | Low        | More than 75% of inputs are missing user specification | Provide missing input activity with simulation results or by editing the "By Resource Type -> I/Os" view   |
| Internal nodes activity     | Medium     | User specified less than 25% of internal nodes         | Provide missing internal nodes activity with simulation results or by editing the "By Resource Type" views |
| Device models               | High       | Device models are Production                           |                                                                                                            |
|                             |            |                                                        |                                                                                                            |
| Overall confidence level    | Low        |                                                        |                                                                                                            |
+-----------------------------+------------+--------------------------------------------------------+------------------------------------------------------------------------------------------------------------+


2. Settings
-----------

2.1 Environment
---------------

+-----------------------+------------------------+
| Ambient Temp (C)      | 25.0                   |
| ThetaJA (C/W)         | 11.5                   |
| Airflow (LFM)         | 250                    |
| Heat Sink             | none                   |
| ThetaSA (C/W)         | 0.0                    |
| Board Selection       | medium (10"x10")       |
| # of Board Layers     | 8to11 (8 to 11 Layers) |
| Board Temperature (C) | 25.0                   |
+-----------------------+------------------------+


2.2 Clock Constraints
---------------------

+------------+------------+-----------------+
| Clock      | Domain     | Constraint (ns) |
+------------+------------+-----------------+
| s_axi_aclk | s_axi_aclk |            10.0 |
+------------+------------+-----------------+


3. Detailed Reports
-------------------

3.1 By Hierarchy
----------------

+----------------------------------------------------------------+-----------+
| Name                                                           | Power (W) |
+----------------------------------------------------------------+-----------+
| zyNet                                                          |     0.205 |
|   activation_unit_instance                                     |     0.011 |
|   dnn_scheduler_instance                                       |     0.009 |
|   global_buffer_instance                                       |     0.002 |
|   input_buffer_instance                                        |     0.006 |
|   systolic_controller_instance                                 |     0.067 |
|     systolic_array_2d_instance                                 |     0.055 |
|       ARRAY_ROWS[0].ARRAY_COLUMNS[0].pe_systolic_cell_instance |     0.002 |
|       ARRAY_ROWS[0].ARRAY_COLUMNS[1].pe_systolic_cell_instance |     0.002 |
|       ARRAY_ROWS[0].ARRAY_COLUMNS[2].pe_systolic_cell_instance |     0.002 |
|       ARRAY_ROWS[0].ARRAY_COLUMNS[3].pe_systolic_cell_instance |     0.003 |
|       ARRAY_ROWS[0].ARRAY_COLUMNS[4].pe_systolic_cell_instance |     0.002 |
|       ARRAY_ROWS[1].ARRAY_COLUMNS[0].pe_systolic_cell_instance |     0.002 |
|       ARRAY_ROWS[1].ARRAY_COLUMNS[1].pe_systolic_cell_instance |     0.002 |
|       ARRAY_ROWS[1].ARRAY_COLUMNS[2].pe_systolic_cell_instance |     0.002 |
|       ARRAY_ROWS[1].ARRAY_COLUMNS[3].pe_systolic_cell_instance |     0.002 |
|       ARRAY_ROWS[1].ARRAY_COLUMNS[4].pe_systolic_cell_instance |     0.002 |
|       ARRAY_ROWS[2].ARRAY_COLUMNS[0].pe_systolic_cell_instance |     0.002 |
|       ARRAY_ROWS[2].ARRAY_COLUMNS[1].pe_systolic_cell_instance |     0.002 |
|       ARRAY_ROWS[2].ARRAY_COLUMNS[2].pe_systolic_cell_instance |     0.002 |
|       ARRAY_ROWS[2].ARRAY_COLUMNS[3].pe_systolic_cell_instance |     0.002 |
|       ARRAY_ROWS[2].ARRAY_COLUMNS[4].pe_systolic_cell_instance |     0.002 |
|       ARRAY_ROWS[3].ARRAY_COLUMNS[0].pe_systolic_cell_instance |     0.002 |
|       ARRAY_ROWS[3].ARRAY_COLUMNS[1].pe_systolic_cell_instance |     0.002 |
|       ARRAY_ROWS[3].ARRAY_COLUMNS[2].pe_systolic_cell_instance |     0.002 |
|       ARRAY_ROWS[3].ARRAY_COLUMNS[3].pe_systolic_cell_instance |     0.002 |
|       ARRAY_ROWS[3].ARRAY_COLUMNS[4].pe_systolic_cell_instance |     0.002 |
|       ARRAY_ROWS[4].ARRAY_COLUMNS[0].pe_systolic_cell_instance |     0.002 |
|       ARRAY_ROWS[4].ARRAY_COLUMNS[1].pe_systolic_cell_instance |     0.002 |
|       ARRAY_ROWS[4].ARRAY_COLUMNS[2].pe_systolic_cell_instance |     0.002 |
|       ARRAY_ROWS[4].ARRAY_COLUMNS[3].pe_systolic_cell_instance |     0.002 |
|       ARRAY_ROWS[4].ARRAY_COLUMNS[4].pe_systolic_cell_instance |     0.002 |
|   weight_sram_instance                                         |     0.107 |
+----------------------------------------------------------------+-----------+


