Copyright 1986-2022 Xilinx, Inc. All Rights Reserved.
-------------------------------------------------------------------------------------------------------------------------------------------------------------------------------
| Tool Version : Vivado v.2022.1 (win64) Build 3526262 Mon Apr 18 15:48:16 MDT 2022
| Date         : Fri Sep  4 15:08:11 2026
| Host         : BOOK-P2O9FRPHFQ running 64-bit major release  (build 9200)
| Command      : report_timing_summary -delay_type max -max_paths 10 -file C:/intelFPGA/18.1/dnn_optimization_project/vivado_ppa_compare/workspace_systolic/timing_summary.rpt
| Design       : zyNet
| Device       : 7z020-clg400
| Speed File   : -1  PRODUCTION 1.12 2019-11-22
-------------------------------------------------------------------------------------------------------------------------------------------------------------------------------

Timing Summary Report

------------------------------------------------------------------------------------------------
| Timer Settings
| --------------
------------------------------------------------------------------------------------------------

  Enable Multi Corner Analysis               :  Yes
  Enable Pessimism Removal                   :  Yes
  Pessimism Removal Resolution               :  Nearest Common Node
  Enable Input Delay Default Clock           :  No
  Enable Preset / Clear Arcs                 :  No
  Disable Flight Delays                      :  No
  Ignore I/O Paths                           :  No
  Timing Early Launch at Borrowing Latches   :  No
  Borrow Time for Max Delay Exceptions       :  Yes
  Merge Timing Exceptions                    :  Yes

  Corner  Analyze    Analyze    
  Name    Max Paths  Min Paths  
  ------  ---------  ---------  
  Slow    Yes        Yes        
  Fast    Yes        Yes        


------------------------------------------------------------------------------------------------
| Report Methodology
| ------------------
------------------------------------------------------------------------------------------------

No report available as report_methodology has not been run prior. Run report_methodology on the current design for the summary of methodology violations.



check_timing report

Table of Contents
-----------------
1. checking no_clock (0)
2. checking constant_clock (0)
3. checking pulse_width_clock (0)
4. checking unconstrained_internal_endpoints (0)
5. checking no_input_delay (20)
6. checking no_output_delay (10)
7. checking multiple_clock (0)
8. checking generated_clocks (0)
9. checking loops (0)
10. checking partial_input_delay (0)
11. checking partial_output_delay (0)
12. checking latch_loops (0)

1. checking no_clock (0)
------------------------
 There are 0 register/latch pins with no clock.


2. checking constant_clock (0)
------------------------------
 There are 0 register/latch pins with constant_clock.


3. checking pulse_width_clock (0)
---------------------------------
 There are 0 register/latch pins which need pulse_width check


4. checking unconstrained_internal_endpoints (0)
------------------------------------------------
 There are 0 pins that are not constrained for maximum delay.

 There are 0 pins that are not constrained for maximum delay due to constant clock.


5. checking no_input_delay (20)
-------------------------------
 There are 20 input ports with no input delay specified. (HIGH)

 There are 0 input ports with no input delay but user has a false path constraint.


6. checking no_output_delay (10)
--------------------------------
 There are 10 ports with no output delay specified. (HIGH)

 There are 0 ports with no output delay but user has a false path constraint

 There are 0 ports with no output delay but with a timing clock defined on it or propagating through it


7. checking multiple_clock (0)
------------------------------
 There are 0 register/latch pins with multiple clocks.


8. checking generated_clocks (0)
--------------------------------
 There are 0 generated clocks that are not connected to a clock source.


9. checking loops (0)
---------------------
 There are 0 combinational loops in the design.


10. checking partial_input_delay (0)
------------------------------------
 There are 0 input ports with partial input delay specified.


11. checking partial_output_delay (0)
-------------------------------------
 There are 0 ports with partial output delay specified.


12. checking latch_loops (0)
----------------------------
 There are 0 combinational latch loops in the design through latch input



------------------------------------------------------------------------------------------------
| Design Timing Summary
| ---------------------
------------------------------------------------------------------------------------------------

    WNS(ns)      TNS(ns)  TNS Failing Endpoints  TNS Total Endpoints     WPWS(ns)     TPWS(ns)  TPWS Failing Endpoints  TPWS Total Endpoints  
    -------      -------  ---------------------  -------------------     --------     --------  ----------------------  --------------------  
     -4.042     -119.542                     40                 3720        3.750        0.000                       0                  1557  


Timing constraints are not met.


------------------------------------------------------------------------------------------------
| Clock Summary
| -------------
------------------------------------------------------------------------------------------------

Clock       Waveform(ns)       Period(ns)      Frequency(MHz)
-----       ------------       ----------      --------------
s_axi_aclk  {0.000 5.000}      10.000          100.000         


------------------------------------------------------------------------------------------------
| Intra Clock Table
| -----------------
------------------------------------------------------------------------------------------------

Clock             WNS(ns)      TNS(ns)  TNS Failing Endpoints  TNS Total Endpoints     WPWS(ns)     TPWS(ns)  TPWS Failing Endpoints  TPWS Total Endpoints  
-----             -------      -------  ---------------------  -------------------     --------     --------  ----------------------  --------------------  
s_axi_aclk         -4.042     -119.542                     40                 3720        3.750        0.000                       0                  1557  


------------------------------------------------------------------------------------------------
| Inter Clock Table
| -----------------
------------------------------------------------------------------------------------------------

From Clock    To Clock          WNS(ns)      TNS(ns)  TNS Failing Endpoints  TNS Total Endpoints  
----------    --------          -------      -------  ---------------------  -------------------  


------------------------------------------------------------------------------------------------
| Other Path Groups Table
| -----------------------
------------------------------------------------------------------------------------------------

Path Group    From Clock    To Clock          WNS(ns)      TNS(ns)  TNS Failing Endpoints  TNS Total Endpoints  
----------    ----------    --------          -------      -------  ---------------------  -------------------  


------------------------------------------------------------------------------------------------
| Timing Details
| --------------
------------------------------------------------------------------------------------------------


---------------------------------------------------------------------------------------------------
From Clock:  s_axi_aclk
  To Clock:  s_axi_aclk

Setup :           40  Failing Endpoints,  Worst Slack       -4.042ns,  Total Violation     -119.542ns
Hold  :           NA  Failing Endpoints,  Worst Slack           NA  ,  Total Violation           NA
PW    :            0  Failing Endpoints,  Worst Slack        3.750ns,  Total Violation        0.000ns
---------------------------------------------------------------------------------------------------


Max Delay Paths
--------------------------------------------------------------------------------------
Slack (VIOLATED) :        -4.042ns  (required time - arrival time)
  Source:                 systolic_controller_instance/cycle_count_reg[3]/C
                            (rising edge-triggered cell FDCE clocked by s_axi_aclk  {rise@0.000ns fall@5.000ns period=10.000ns})
  Destination:            weight_sram_instance/read_data_reg[8]/D
                            (rising edge-triggered cell FDRE clocked by s_axi_aclk  {rise@0.000ns fall@5.000ns period=10.000ns})
  Path Group:             s_axi_aclk
  Path Type:              Setup (Max at Slow Process Corner)
  Requirement:            10.000ns  (s_axi_aclk rise@10.000ns - s_axi_aclk rise@0.000ns)
  Data Path Delay:        13.905ns  (logic 5.794ns (41.667%)  route 8.111ns (58.333%))
  Logic Levels:           17  (CARRY4=3 DSP48E1=1 LUT3=1 LUT5=4 LUT6=5 MUXF7=3)
  Clock Path Skew:        -0.145ns (DCD - SCD + CPR)
    Destination Clock Delay (DCD):    2.128ns = ( 12.128 - 10.000 ) 
    Source Clock Delay      (SCD):    2.456ns
    Clock Pessimism Removal (CPR):    0.184ns
  Clock Uncertainty:      0.035ns  ((TSJ^2 + TIJ^2)^1/2 + DJ) / 2 + PE
    Total System Jitter     (TSJ):    0.071ns
    Total Input Jitter      (TIJ):    0.000ns
    Discrete Jitter          (DJ):    0.000ns
    Phase Error              (PE):    0.000ns

    Location             Delay type                Incr(ns)  Path(ns)    Netlist Resource(s)
  -------------------------------------------------------------------    -------------------
                         (clock s_axi_aclk rise edge)
                                                      0.000     0.000 r  
                                                      0.000     0.000 r  s_axi_aclk (IN)
                         net (fo=0)                   0.000     0.000    s_axi_aclk
                         IBUF (Prop_ibuf_I_O)         0.972     0.972 r  s_axi_aclk_IBUF_inst/O
                         net (fo=1, unplaced)         0.800     1.771    s_axi_aclk_IBUF
                         BUFG (Prop_bufg_I_O)         0.101     1.872 r  s_axi_aclk_IBUF_BUFG_inst/O
                         net (fo=1556, unplaced)      0.584     2.456    systolic_controller_instance/s_axi_aclk_IBUF_BUFG
                         FDCE                                         r  systolic_controller_instance/cycle_count_reg[3]/C
  -------------------------------------------------------------------    -------------------
                         FDCE (Prop_fdce_C_Q)         0.478     2.934 r  systolic_controller_instance/cycle_count_reg[3]/Q
                         net (fo=62, unplaced)        0.894     3.828    systolic_controller_instance/Q[3]
                         LUT5 (Prop_lut5_I0_O)        0.321     4.149 r  systolic_controller_instance/memory_bank_1_reg_i_14/O
                         net (fo=8, unplaced)         0.487     4.636    systolic_controller_instance/memory_bank_1_reg_i_14_n_0
                         LUT3 (Prop_lut3_I2_O)        0.124     4.760 r  systolic_controller_instance/memory_bank_1_reg_i_13/O
                         net (fo=20, unplaced)        0.509     5.269    systolic_controller_instance/memory_bank_1_reg_i_13_n_0
                         LUT5 (Prop_lut5_I2_O)        0.116     5.385 r  systolic_controller_instance/memory_bank_1_reg_i_29/O
                         net (fo=1, unplaced)         0.000     5.385    systolic_controller_instance/memory_bank_1_reg_i_29_n_0
                         CARRY4 (Prop_carry4_DI[0]_CO[3])
                                                      0.576     5.961 r  systolic_controller_instance/memory_bank_1_reg_i_23/CO[3]
                         net (fo=1, unplaced)         0.000     5.961    systolic_controller_instance/memory_bank_1_reg_i_23_n_0
                         CARRY4 (Prop_carry4_CI_CO[3])
                                                      0.117     6.078 r  systolic_controller_instance/memory_bank_1_reg_i_17/CO[3]
                         net (fo=1, unplaced)         0.000     6.078    systolic_controller_instance/memory_bank_1_reg_i_17_n_0
                         CARRY4 (Prop_carry4_CI_CO[3])
                                                      0.117     6.195 r  systolic_controller_instance/memory_bank_1_reg_i_15/CO[3]
                         net (fo=3, unplaced)         0.936     7.131    systolic_controller_instance/operand_read_address2
                         LUT6 (Prop_lut6_I4_O)        0.124     7.255 r  systolic_controller_instance/read_valid[1]_i_1/O
                         net (fo=34, unplaced)        0.522     7.777    systolic_controller_instance/weight_read_enable[0]
                         LUT5 (Prop_lut5_I0_O)        0.124     7.901 r  systolic_controller_instance/memory_bank_1_reg_i_2/O
                         net (fo=2, unplaced)         0.800     8.701    weight_sram_instance/weight_read_address[19]
                         DSP48E1 (Prop_dsp48e1_C[9]_P[5])
                                                      1.820    10.521 r  weight_sram_instance/read_data1__0/P[5]
                         net (fo=2415, unplaced)      0.800    11.321    weight_sram_instance/read_data1__0_n_100
                         LUT6 (Prop_lut6_I5_O)        0.124    11.445 r  weight_sram_instance/g101_b0__0/O
                         net (fo=1, unplaced)         0.000    11.445    weight_sram_instance/g101_b0__0_n_0
                         MUXF7 (Prop_muxf7_I1_O)      0.247    11.692 r  weight_sram_instance/read_data_reg[8]_i_161/O
                         net (fo=1, unplaced)         0.905    12.597    weight_sram_instance/read_data_reg[8]_i_161_n_0
                         LUT6 (Prop_lut6_I1_O)        0.298    12.895 r  weight_sram_instance/read_data[8]_i_70/O
                         net (fo=1, unplaced)         0.000    12.895    weight_sram_instance/read_data[8]_i_70_n_0
                         MUXF7 (Prop_muxf7_I0_O)      0.241    13.136 r  weight_sram_instance/read_data_reg[8]_i_36/O
                         net (fo=1, unplaced)         0.452    13.588    weight_sram_instance/read_data_reg[8]_i_36_n_0
                         LUT6 (Prop_lut6_I1_O)        0.298    13.886 r  weight_sram_instance/read_data[8]_i_15/O
                         net (fo=1, unplaced)         0.000    13.886    weight_sram_instance/read_data[8]_i_15_n_0
                         MUXF7 (Prop_muxf7_I1_O)      0.247    14.133 r  weight_sram_instance/read_data_reg[8]_i_5/O
                         net (fo=1, unplaced)         0.905    15.038    weight_sram_instance/read_data_reg[8]_i_5_n_0
                         LUT6 (Prop_lut6_I0_O)        0.298    15.336 r  weight_sram_instance/read_data[8]_i_2/O
                         net (fo=1, unplaced)         0.902    16.238    weight_sram_instance/read_data[8]_i_2_n_0
                         LUT5 (Prop_lut5_I0_O)        0.124    16.362 r  weight_sram_instance/read_data[8]_i_1/O
                         net (fo=1, unplaced)         0.000    16.362    weight_sram_instance/p_14_out[8]
                         FDRE                                         r  weight_sram_instance/read_data_reg[8]/D
  -------------------------------------------------------------------    -------------------

                         (clock s_axi_aclk rise edge)
                                                     10.000    10.000 r  
                                                      0.000    10.000 r  s_axi_aclk (IN)
                         net (fo=0)                   0.000    10.000    s_axi_aclk
                         IBUF (Prop_ibuf_I_O)         0.838    10.838 r  s_axi_aclk_IBUF_inst/O
                         net (fo=1, unplaced)         0.760    11.598    s_axi_aclk_IBUF
                         BUFG (Prop_bufg_I_O)         0.091    11.689 r  s_axi_aclk_IBUF_BUFG_inst/O
                         net (fo=1556, unplaced)      0.439    12.128    weight_sram_instance/s_axi_aclk_IBUF_BUFG
                         FDRE                                         r  weight_sram_instance/read_data_reg[8]/C
                         clock pessimism              0.184    12.311    
                         clock uncertainty           -0.035    12.276    
                         FDRE (Setup_fdre_C_D)        0.044    12.320    weight_sram_instance/read_data_reg[8]
  -------------------------------------------------------------------
                         required time                         12.320    
                         arrival time                         -16.362    
  -------------------------------------------------------------------
                         slack                                 -4.042    

Slack (VIOLATED) :        -3.870ns  (required time - arrival time)
  Source:                 systolic_controller_instance/cycle_count_reg[4]/C
                            (rising edge-triggered cell FDCE clocked by s_axi_aclk  {rise@0.000ns fall@5.000ns period=10.000ns})
  Destination:            weight_sram_instance/read_data_reg[24]/D
                            (rising edge-triggered cell FDRE clocked by s_axi_aclk  {rise@0.000ns fall@5.000ns period=10.000ns})
  Path Group:             s_axi_aclk
  Path Type:              Setup (Max at Slow Process Corner)
  Requirement:            10.000ns  (s_axi_aclk rise@10.000ns - s_axi_aclk rise@0.000ns)
  Data Path Delay:        13.733ns  (logic 5.626ns (40.966%)  route 8.107ns (59.034%))
  Logic Levels:           16  (CARRY4=3 DSP48E1=1 LUT5=1 LUT6=8 MUXF7=3)
  Clock Path Skew:        -0.145ns (DCD - SCD + CPR)
    Destination Clock Delay (DCD):    2.128ns = ( 12.128 - 10.000 ) 
    Source Clock Delay      (SCD):    2.456ns
    Clock Pessimism Removal (CPR):    0.184ns
  Clock Uncertainty:      0.035ns  ((TSJ^2 + TIJ^2)^1/2 + DJ) / 2 + PE
    Total System Jitter     (TSJ):    0.071ns
    Total Input Jitter      (TIJ):    0.000ns
    Discrete Jitter          (DJ):    0.000ns
    Phase Error              (PE):    0.000ns

    Location             Delay type                Incr(ns)  Path(ns)    Netlist Resource(s)
  -------------------------------------------------------------------    -------------------
                         (clock s_axi_aclk rise edge)
                                                      0.000     0.000 r  
                                                      0.000     0.000 r  s_axi_aclk (IN)
                         net (fo=0)                   0.000     0.000    s_axi_aclk
                         IBUF (Prop_ibuf_I_O)         0.972     0.972 r  s_axi_aclk_IBUF_inst/O
                         net (fo=1, unplaced)         0.800     1.771    s_axi_aclk_IBUF
                         BUFG (Prop_bufg_I_O)         0.101     1.872 r  s_axi_aclk_IBUF_BUFG_inst/O
                         net (fo=1556, unplaced)      0.584     2.456    systolic_controller_instance/s_axi_aclk_IBUF_BUFG
                         FDCE                                         r  systolic_controller_instance/cycle_count_reg[4]/C
  -------------------------------------------------------------------    -------------------
                         FDCE (Prop_fdce_C_Q)         0.478     2.934 r  systolic_controller_instance/cycle_count_reg[4]/Q
                         net (fo=50, unplaced)        1.047     3.981    systolic_controller_instance/cycle_count_reg_n_0_[4]
                         LUT6 (Prop_lut6_I0_O)        0.295     4.276 r  systolic_controller_instance/memory_bank_3_reg_i_13/O
                         net (fo=18, unplaced)        0.506     4.782    systolic_controller_instance/memory_bank_3_reg_i_13_n_0
                         LUT6 (Prop_lut6_I3_O)        0.124     4.906 r  systolic_controller_instance/memory_bank_3_reg_i_27/O
                         net (fo=1, unplaced)         0.333     5.239    systolic_controller_instance/memory_bank_3_reg_i_27_n_0
                         CARRY4 (Prop_carry4_DI[0]_CO[3])
                                                      0.550     5.789 r  systolic_controller_instance/memory_bank_3_reg_i_21/CO[3]
                         net (fo=1, unplaced)         0.000     5.789    systolic_controller_instance/memory_bank_3_reg_i_21_n_0
                         CARRY4 (Prop_carry4_CI_CO[3])
                                                      0.117     5.906 r  systolic_controller_instance/memory_bank_3_reg_i_16/CO[3]
                         net (fo=1, unplaced)         0.000     5.906    systolic_controller_instance/memory_bank_3_reg_i_16_n_0
                         CARRY4 (Prop_carry4_CI_CO[3])
                                                      0.117     6.023 r  systolic_controller_instance/memory_bank_3_reg_i_15/CO[3]
                         net (fo=3, unplaced)         0.936     6.959    systolic_controller_instance/operand_read_address24_in
                         LUT6 (Prop_lut6_I4_O)        0.124     7.083 r  systolic_controller_instance/read_valid[3]_i_1/O
                         net (fo=34, unplaced)        0.522     7.605    systolic_controller_instance/weight_read_enable[2]
                         LUT6 (Prop_lut6_I0_O)        0.124     7.729 r  systolic_controller_instance/memory_bank_3_reg_i_2/O
                         net (fo=2, unplaced)         0.800     8.529    weight_sram_instance/weight_read_address[39]
                         DSP48E1 (Prop_dsp48e1_C[9]_P[5])
                                                      1.820    10.349 r  weight_sram_instance/read_data1__2/P[5]
                         net (fo=2415, unplaced)      0.800    11.149    weight_sram_instance/read_data1__2_n_100
                         LUT6 (Prop_lut6_I5_O)        0.124    11.273 r  weight_sram_instance/g101_b0__2/O
                         net (fo=1, unplaced)         0.000    11.273    weight_sram_instance/g101_b0__2_n_0
                         MUXF7 (Prop_muxf7_I1_O)      0.247    11.520 r  weight_sram_instance/read_data_reg[24]_i_162/O
                         net (fo=1, unplaced)         0.905    12.425    weight_sram_instance/read_data_reg[24]_i_162_n_0
                         LUT6 (Prop_lut6_I1_O)        0.298    12.723 r  weight_sram_instance/read_data[24]_i_71/O
                         net (fo=1, unplaced)         0.000    12.723    weight_sram_instance/read_data[24]_i_71_n_0
                         MUXF7 (Prop_muxf7_I0_O)      0.241    12.964 r  weight_sram_instance/read_data_reg[24]_i_36/O
                         net (fo=1, unplaced)         0.452    13.416    weight_sram_instance/read_data_reg[24]_i_36_n_0
                         LUT6 (Prop_lut6_I1_O)        0.298    13.714 r  weight_sram_instance/read_data[24]_i_15/O
                         net (fo=1, unplaced)         0.000    13.714    weight_sram_instance/read_data[24]_i_15_n_0
                         MUXF7 (Prop_muxf7_I1_O)      0.247    13.961 r  weight_sram_instance/read_data_reg[24]_i_5/O
                         net (fo=1, unplaced)         0.905    14.866    weight_sram_instance/read_data_reg[24]_i_5_n_0
                         LUT6 (Prop_lut6_I0_O)        0.298    15.164 r  weight_sram_instance/read_data[24]_i_2/O
                         net (fo=1, unplaced)         0.902    16.066    weight_sram_instance/read_data[24]_i_2_n_0
                         LUT5 (Prop_lut5_I0_O)        0.124    16.190 r  weight_sram_instance/read_data[24]_i_1/O
                         net (fo=1, unplaced)         0.000    16.190    weight_sram_instance/p_14_out[24]
                         FDRE                                         r  weight_sram_instance/read_data_reg[24]/D
  -------------------------------------------------------------------    -------------------

                         (clock s_axi_aclk rise edge)
                                                     10.000    10.000 r  
                                                      0.000    10.000 r  s_axi_aclk (IN)
                         net (fo=0)                   0.000    10.000    s_axi_aclk
                         IBUF (Prop_ibuf_I_O)         0.838    10.838 r  s_axi_aclk_IBUF_inst/O
                         net (fo=1, unplaced)         0.760    11.598    s_axi_aclk_IBUF
                         BUFG (Prop_bufg_I_O)         0.091    11.689 r  s_axi_aclk_IBUF_BUFG_inst/O
                         net (fo=1556, unplaced)      0.439    12.128    weight_sram_instance/s_axi_aclk_IBUF_BUFG
                         FDRE                                         r  weight_sram_instance/read_data_reg[24]/C
                         clock pessimism              0.184    12.311    
                         clock uncertainty           -0.035    12.276    
                         FDRE (Setup_fdre_C_D)        0.044    12.320    weight_sram_instance/read_data_reg[24]
  -------------------------------------------------------------------
                         required time                         12.320    
                         arrival time                         -16.190    
  -------------------------------------------------------------------
                         slack                                 -3.870    

Slack (VIOLATED) :        -3.859ns  (required time - arrival time)
  Source:                 dnn_scheduler_instance/layer_index_reg[0]/C
                            (rising edge-triggered cell FDSE clocked by s_axi_aclk  {rise@0.000ns fall@5.000ns period=10.000ns})
  Destination:            weight_sram_instance/read_data_reg[16]/D
                            (rising edge-triggered cell FDRE clocked by s_axi_aclk  {rise@0.000ns fall@5.000ns period=10.000ns})
  Path Group:             s_axi_aclk
  Path Type:              Setup (Max at Slow Process Corner)
  Requirement:            10.000ns  (s_axi_aclk rise@10.000ns - s_axi_aclk rise@0.000ns)
  Data Path Delay:        13.722ns  (logic 5.713ns (41.633%)  route 8.009ns (58.367%))
  Logic Levels:           17  (CARRY4=4 DSP48E1=1 LUT2=1 LUT5=3 LUT6=5 MUXF7=3)
  Clock Path Skew:        -0.145ns (DCD - SCD + CPR)
    Destination Clock Delay (DCD):    2.128ns = ( 12.128 - 10.000 ) 
    Source Clock Delay      (SCD):    2.456ns
    Clock Pessimism Removal (CPR):    0.184ns
  Clock Uncertainty:      0.035ns  ((TSJ^2 + TIJ^2)^1/2 + DJ) / 2 + PE
    Total System Jitter     (TSJ):    0.071ns
    Total Input Jitter      (TIJ):    0.000ns
    Discrete Jitter          (DJ):    0.000ns
    Phase Error              (PE):    0.000ns

    Location             Delay type                Incr(ns)  Path(ns)    Netlist Resource(s)
  -------------------------------------------------------------------    -------------------
                         (clock s_axi_aclk rise edge)
                                                      0.000     0.000 r  
                                                      0.000     0.000 r  s_axi_aclk (IN)
                         net (fo=0)                   0.000     0.000    s_axi_aclk
                         IBUF (Prop_ibuf_I_O)         0.972     0.972 r  s_axi_aclk_IBUF_inst/O
                         net (fo=1, unplaced)         0.800     1.771    s_axi_aclk_IBUF
                         BUFG (Prop_bufg_I_O)         0.101     1.872 r  s_axi_aclk_IBUF_BUFG_inst/O
                         net (fo=1556, unplaced)      0.584     2.456    dnn_scheduler_instance/s_axi_aclk_IBUF_BUFG
                         FDSE                                         r  dnn_scheduler_instance/layer_index_reg[0]/C
  -------------------------------------------------------------------    -------------------
                         FDSE (Prop_fdse_C_Q)         0.478     2.934 f  dnn_scheduler_instance/layer_index_reg[0]/Q
                         net (fo=147, unplaced)       0.579     3.513    dnn_scheduler_instance/layer_index[0]
                         LUT2 (Prop_lut2_I0_O)        0.295     3.808 f  dnn_scheduler_instance/target_cycle_count[9]_i_2/O
                         net (fo=165, unplaced)       0.561     4.369    dnn_scheduler_instance/reduction_length[2]
                         LUT6 (Prop_lut6_I0_O)        0.124     4.493 r  dnn_scheduler_instance/memory_bank_2_reg_i_33/O
                         net (fo=1, unplaced)         0.639     5.132    systolic_controller_instance/memory_bank_2_reg_i_21_0[1]
                         CARRY4 (Prop_carry4_DI[1]_CO[3])
                                                      0.520     5.652 r  systolic_controller_instance/memory_bank_2_reg_i_26/CO[3]
                         net (fo=1, unplaced)         0.009     5.661    systolic_controller_instance/memory_bank_2_reg_i_26_n_0
                         CARRY4 (Prop_carry4_CI_CO[3])
                                                      0.117     5.778 r  systolic_controller_instance/memory_bank_2_reg_i_21/CO[3]
                         net (fo=1, unplaced)         0.000     5.778    systolic_controller_instance/memory_bank_2_reg_i_21_n_0
                         CARRY4 (Prop_carry4_CI_CO[3])
                                                      0.117     5.895 r  systolic_controller_instance/memory_bank_2_reg_i_16/CO[3]
                         net (fo=1, unplaced)         0.000     5.895    systolic_controller_instance/memory_bank_2_reg_i_16_n_0
                         CARRY4 (Prop_carry4_CI_CO[3])
                                                      0.117     6.012 r  systolic_controller_instance/memory_bank_2_reg_i_15/CO[3]
                         net (fo=3, unplaced)         0.936     6.948    systolic_controller_instance/operand_read_address21_in
                         LUT5 (Prop_lut5_I3_O)        0.124     7.072 r  systolic_controller_instance/read_valid[2]_i_1/O
                         net (fo=35, unplaced)        0.522     7.594    systolic_controller_instance/weight_read_enable[1]
                         LUT5 (Prop_lut5_I0_O)        0.124     7.718 r  systolic_controller_instance/memory_bank_2_reg_i_2/O
                         net (fo=2, unplaced)         0.800     8.518    weight_sram_instance/weight_read_address[29]
                         DSP48E1 (Prop_dsp48e1_C[9]_P[5])
                                                      1.820    10.338 r  weight_sram_instance/read_data1__1/P[5]
                         net (fo=2415, unplaced)      0.800    11.138    weight_sram_instance/read_data1__1_n_100
                         LUT6 (Prop_lut6_I5_O)        0.124    11.262 r  weight_sram_instance/g101_b0__1/O
                         net (fo=1, unplaced)         0.000    11.262    weight_sram_instance/g101_b0__1_n_0
                         MUXF7 (Prop_muxf7_I1_O)      0.247    11.509 r  weight_sram_instance/read_data_reg[16]_i_161/O
                         net (fo=1, unplaced)         0.905    12.414    weight_sram_instance/read_data_reg[16]_i_161_n_0
                         LUT6 (Prop_lut6_I1_O)        0.298    12.712 r  weight_sram_instance/read_data[16]_i_70/O
                         net (fo=1, unplaced)         0.000    12.712    weight_sram_instance/read_data[16]_i_70_n_0
                         MUXF7 (Prop_muxf7_I0_O)      0.241    12.953 r  weight_sram_instance/read_data_reg[16]_i_36/O
                         net (fo=1, unplaced)         0.452    13.405    weight_sram_instance/read_data_reg[16]_i_36_n_0
                         LUT6 (Prop_lut6_I1_O)        0.298    13.703 r  weight_sram_instance/read_data[16]_i_15/O
                         net (fo=1, unplaced)         0.000    13.703    weight_sram_instance/read_data[16]_i_15_n_0
                         MUXF7 (Prop_muxf7_I1_O)      0.247    13.950 r  weight_sram_instance/read_data_reg[16]_i_5/O
                         net (fo=1, unplaced)         0.905    14.855    weight_sram_instance/read_data_reg[16]_i_5_n_0
                         LUT6 (Prop_lut6_I0_O)        0.298    15.153 r  weight_sram_instance/read_data[16]_i_2/O
                         net (fo=1, unplaced)         0.902    16.055    weight_sram_instance/read_data[16]_i_2_n_0
                         LUT5 (Prop_lut5_I0_O)        0.124    16.179 r  weight_sram_instance/read_data[16]_i_1/O
                         net (fo=1, unplaced)         0.000    16.179    weight_sram_instance/p_14_out[16]
                         FDRE                                         r  weight_sram_instance/read_data_reg[16]/D
  -------------------------------------------------------------------    -------------------

                         (clock s_axi_aclk rise edge)
                                                     10.000    10.000 r  
                                                      0.000    10.000 r  s_axi_aclk (IN)
                         net (fo=0)                   0.000    10.000    s_axi_aclk
                         IBUF (Prop_ibuf_I_O)         0.838    10.838 r  s_axi_aclk_IBUF_inst/O
                         net (fo=1, unplaced)         0.760    11.598    s_axi_aclk_IBUF
                         BUFG (Prop_bufg_I_O)         0.091    11.689 r  s_axi_aclk_IBUF_BUFG_inst/O
                         net (fo=1556, unplaced)      0.439    12.128    weight_sram_instance/s_axi_aclk_IBUF_BUFG
                         FDRE                                         r  weight_sram_instance/read_data_reg[16]/C
                         clock pessimism              0.184    12.311    
                         clock uncertainty           -0.035    12.276    
                         FDRE (Setup_fdre_C_D)        0.044    12.320    weight_sram_instance/read_data_reg[16]
  -------------------------------------------------------------------
                         required time                         12.320    
                         arrival time                         -16.179    
  -------------------------------------------------------------------
                         slack                                 -3.859    

Slack (VIOLATED) :        -3.480ns  (required time - arrival time)
  Source:                 systolic_controller_instance/cycle_count_reg[3]/C
                            (rising edge-triggered cell FDCE clocked by s_axi_aclk  {rise@0.000ns fall@5.000ns period=10.000ns})
  Destination:            weight_sram_instance/read_data_reg[14]/D
                            (rising edge-triggered cell FDRE clocked by s_axi_aclk  {rise@0.000ns fall@5.000ns period=10.000ns})
  Path Group:             s_axi_aclk
  Path Type:              Setup (Max at Slow Process Corner)
  Requirement:            10.000ns  (s_axi_aclk rise@10.000ns - s_axi_aclk rise@0.000ns)
  Data Path Delay:        13.343ns  (logic 5.670ns (42.493%)  route 7.673ns (57.507%))
  Logic Levels:           16  (CARRY4=3 DSP48E1=1 LUT3=1 LUT5=3 LUT6=5 MUXF7=3)
  Clock Path Skew:        -0.145ns (DCD - SCD + CPR)
    Destination Clock Delay (DCD):    2.128ns = ( 12.128 - 10.000 ) 
    Source Clock Delay      (SCD):    2.456ns
    Clock Pessimism Removal (CPR):    0.184ns
  Clock Uncertainty:      0.035ns  ((TSJ^2 + TIJ^2)^1/2 + DJ) / 2 + PE
    Total System Jitter     (TSJ):    0.071ns
    Total Input Jitter      (TIJ):    0.000ns
    Discrete Jitter          (DJ):    0.000ns
    Phase Error              (PE):    0.000ns

    Location             Delay type                Incr(ns)  Path(ns)    Netlist Resource(s)
  -------------------------------------------------------------------    -------------------
                         (clock s_axi_aclk rise edge)
                                                      0.000     0.000 r  
                                                      0.000     0.000 r  s_axi_aclk (IN)
                         net (fo=0)                   0.000     0.000    s_axi_aclk
                         IBUF (Prop_ibuf_I_O)         0.972     0.972 r  s_axi_aclk_IBUF_inst/O
                         net (fo=1, unplaced)         0.800     1.771    s_axi_aclk_IBUF
                         BUFG (Prop_bufg_I_O)         0.101     1.872 r  s_axi_aclk_IBUF_BUFG_inst/O
                         net (fo=1556, unplaced)      0.584     2.456    systolic_controller_instance/s_axi_aclk_IBUF_BUFG
                         FDCE                                         r  systolic_controller_instance/cycle_count_reg[3]/C
  -------------------------------------------------------------------    -------------------
                         FDCE (Prop_fdce_C_Q)         0.478     2.934 r  systolic_controller_instance/cycle_count_reg[3]/Q
                         net (fo=62, unplaced)        0.894     3.828    systolic_controller_instance/Q[3]
                         LUT5 (Prop_lut5_I0_O)        0.321     4.149 r  systolic_controller_instance/memory_bank_1_reg_i_14/O
                         net (fo=8, unplaced)         0.487     4.636    systolic_controller_instance/memory_bank_1_reg_i_14_n_0
                         LUT3 (Prop_lut3_I2_O)        0.124     4.760 r  systolic_controller_instance/memory_bank_1_reg_i_13/O
                         net (fo=20, unplaced)        0.509     5.269    systolic_controller_instance/memory_bank_1_reg_i_13_n_0
                         LUT5 (Prop_lut5_I2_O)        0.116     5.385 r  systolic_controller_instance/memory_bank_1_reg_i_29/O
                         net (fo=1, unplaced)         0.000     5.385    systolic_controller_instance/memory_bank_1_reg_i_29_n_0
                         CARRY4 (Prop_carry4_DI[0]_CO[3])
                                                      0.576     5.961 r  systolic_controller_instance/memory_bank_1_reg_i_23/CO[3]
                         net (fo=1, unplaced)         0.000     5.961    systolic_controller_instance/memory_bank_1_reg_i_23_n_0
                         CARRY4 (Prop_carry4_CI_CO[3])
                                                      0.117     6.078 r  systolic_controller_instance/memory_bank_1_reg_i_17/CO[3]
                         net (fo=1, unplaced)         0.000     6.078    systolic_controller_instance/memory_bank_1_reg_i_17_n_0
                         CARRY4 (Prop_carry4_CI_CO[3])
                                                      0.117     6.195 r  systolic_controller_instance/memory_bank_1_reg_i_15/CO[3]
                         net (fo=3, unplaced)         0.936     7.131    systolic_controller_instance/operand_read_address2
                         LUT6 (Prop_lut6_I4_O)        0.124     7.255 r  systolic_controller_instance/read_valid[1]_i_1/O
                         net (fo=34, unplaced)        0.522     7.777    systolic_controller_instance/weight_read_enable[0]
                         LUT5 (Prop_lut5_I0_O)        0.124     7.901 r  systolic_controller_instance/memory_bank_1_reg_i_2/O
                         net (fo=2, unplaced)         0.800     8.701    weight_sram_instance/weight_read_address[19]
                         DSP48E1 (Prop_dsp48e1_C[9]_P[5])
                                                      1.820    10.521 r  weight_sram_instance/read_data1__0/P[5]
                         net (fo=2415, unplaced)      0.800    11.321    weight_sram_instance/read_data1__0_n_100
                         LUT6 (Prop_lut6_I5_O)        0.124    11.445 r  weight_sram_instance/g301_b6__0/O
                         net (fo=1, unplaced)         0.000    11.445    weight_sram_instance/g301_b6__0_n_0
                         MUXF7 (Prop_muxf7_I1_O)      0.247    11.692 r  weight_sram_instance/read_data_reg[15]_i_76/O
                         net (fo=1, unplaced)         0.905    12.597    weight_sram_instance/read_data_reg[15]_i_76_n_0
                         LUT6 (Prop_lut6_I1_O)        0.298    12.895 r  weight_sram_instance/read_data[15]_i_32/O
                         net (fo=1, unplaced)         0.000    12.895    weight_sram_instance/read_data[15]_i_32_n_0
                         MUXF7 (Prop_muxf7_I1_O)      0.247    13.142 r  weight_sram_instance/read_data_reg[15]_i_12/O
                         net (fo=1, unplaced)         0.905    14.047    weight_sram_instance/read_data_reg[15]_i_12_n_0
                         LUT6 (Prop_lut6_I1_O)        0.298    14.345 r  weight_sram_instance/read_data[15]_i_5/O
                         net (fo=1, unplaced)         0.000    14.345    weight_sram_instance/read_data[15]_i_5_n_0
                         MUXF7 (Prop_muxf7_I0_O)      0.241    14.586 r  weight_sram_instance/read_data_reg[15]_i_2/O
                         net (fo=2, unplaced)         0.916    15.502    weight_sram_instance/read_data_reg[15]_i_2_n_0
                         LUT6 (Prop_lut6_I1_O)        0.298    15.800 r  weight_sram_instance/read_data[14]_i_1/O
                         net (fo=1, unplaced)         0.000    15.800    weight_sram_instance/p_14_out[14]
                         FDRE                                         r  weight_sram_instance/read_data_reg[14]/D
  -------------------------------------------------------------------    -------------------

                         (clock s_axi_aclk rise edge)
                                                     10.000    10.000 r  
                                                      0.000    10.000 r  s_axi_aclk (IN)
                         net (fo=0)                   0.000    10.000    s_axi_aclk
                         IBUF (Prop_ibuf_I_O)         0.838    10.838 r  s_axi_aclk_IBUF_inst/O
                         net (fo=1, unplaced)         0.760    11.598    s_axi_aclk_IBUF
                         BUFG (Prop_bufg_I_O)         0.091    11.689 r  s_axi_aclk_IBUF_BUFG_inst/O
                         net (fo=1556, unplaced)      0.439    12.128    weight_sram_instance/s_axi_aclk_IBUF_BUFG
                         FDRE                                         r  weight_sram_instance/read_data_reg[14]/C
                         clock pessimism              0.184    12.311    
                         clock uncertainty           -0.035    12.276    
                         FDRE (Setup_fdre_C_D)        0.044    12.320    weight_sram_instance/read_data_reg[14]
  -------------------------------------------------------------------
                         required time                         12.320    
                         arrival time                         -15.800    
  -------------------------------------------------------------------
                         slack                                 -3.480    

Slack (VIOLATED) :        -3.480ns  (required time - arrival time)
  Source:                 systolic_controller_instance/cycle_count_reg[3]/C
                            (rising edge-triggered cell FDCE clocked by s_axi_aclk  {rise@0.000ns fall@5.000ns period=10.000ns})
  Destination:            weight_sram_instance/read_data_reg[15]/D
                            (rising edge-triggered cell FDRE clocked by s_axi_aclk  {rise@0.000ns fall@5.000ns period=10.000ns})
  Path Group:             s_axi_aclk
  Path Type:              Setup (Max at Slow Process Corner)
  Requirement:            10.000ns  (s_axi_aclk rise@10.000ns - s_axi_aclk rise@0.000ns)
  Data Path Delay:        13.343ns  (logic 5.670ns (42.493%)  route 7.673ns (57.507%))
  Logic Levels:           16  (CARRY4=3 DSP48E1=1 LUT3=1 LUT5=3 LUT6=5 MUXF7=3)
  Clock Path Skew:        -0.145ns (DCD - SCD + CPR)
    Destination Clock Delay (DCD):    2.128ns = ( 12.128 - 10.000 ) 
    Source Clock Delay      (SCD):    2.456ns
    Clock Pessimism Removal (CPR):    0.184ns
  Clock Uncertainty:      0.035ns  ((TSJ^2 + TIJ^2)^1/2 + DJ) / 2 + PE
    Total System Jitter     (TSJ):    0.071ns
    Total Input Jitter      (TIJ):    0.000ns
    Discrete Jitter          (DJ):    0.000ns
    Phase Error              (PE):    0.000ns

    Location             Delay type                Incr(ns)  Path(ns)    Netlist Resource(s)
  -------------------------------------------------------------------    -------------------
                         (clock s_axi_aclk rise edge)
                                                      0.000     0.000 r  
                                                      0.000     0.000 r  s_axi_aclk (IN)
                         net (fo=0)                   0.000     0.000    s_axi_aclk
                         IBUF (Prop_ibuf_I_O)         0.972     0.972 r  s_axi_aclk_IBUF_inst/O
                         net (fo=1, unplaced)         0.800     1.771    s_axi_aclk_IBUF
                         BUFG (Prop_bufg_I_O)         0.101     1.872 r  s_axi_aclk_IBUF_BUFG_inst/O
                         net (fo=1556, unplaced)      0.584     2.456    systolic_controller_instance/s_axi_aclk_IBUF_BUFG
                         FDCE                                         r  systolic_controller_instance/cycle_count_reg[3]/C
  -------------------------------------------------------------------    -------------------
                         FDCE (Prop_fdce_C_Q)         0.478     2.934 r  systolic_controller_instance/cycle_count_reg[3]/Q
                         net (fo=62, unplaced)        0.894     3.828    systolic_controller_instance/Q[3]
                         LUT5 (Prop_lut5_I0_O)        0.321     4.149 r  systolic_controller_instance/memory_bank_1_reg_i_14/O
                         net (fo=8, unplaced)         0.487     4.636    systolic_controller_instance/memory_bank_1_reg_i_14_n_0
                         LUT3 (Prop_lut3_I2_O)        0.124     4.760 r  systolic_controller_instance/memory_bank_1_reg_i_13/O
                         net (fo=20, unplaced)        0.509     5.269    systolic_controller_instance/memory_bank_1_reg_i_13_n_0
                         LUT5 (Prop_lut5_I2_O)        0.116     5.385 r  systolic_controller_instance/memory_bank_1_reg_i_29/O
                         net (fo=1, unplaced)         0.000     5.385    systolic_controller_instance/memory_bank_1_reg_i_29_n_0
                         CARRY4 (Prop_carry4_DI[0]_CO[3])
                                                      0.576     5.961 r  systolic_controller_instance/memory_bank_1_reg_i_23/CO[3]
                         net (fo=1, unplaced)         0.000     5.961    systolic_controller_instance/memory_bank_1_reg_i_23_n_0
                         CARRY4 (Prop_carry4_CI_CO[3])
                                                      0.117     6.078 r  systolic_controller_instance/memory_bank_1_reg_i_17/CO[3]
                         net (fo=1, unplaced)         0.000     6.078    systolic_controller_instance/memory_bank_1_reg_i_17_n_0
                         CARRY4 (Prop_carry4_CI_CO[3])
                                                      0.117     6.195 r  systolic_controller_instance/memory_bank_1_reg_i_15/CO[3]
                         net (fo=3, unplaced)         0.936     7.131    systolic_controller_instance/operand_read_address2
                         LUT6 (Prop_lut6_I4_O)        0.124     7.255 r  systolic_controller_instance/read_valid[1]_i_1/O
                         net (fo=34, unplaced)        0.522     7.777    systolic_controller_instance/weight_read_enable[0]
                         LUT5 (Prop_lut5_I0_O)        0.124     7.901 r  systolic_controller_instance/memory_bank_1_reg_i_2/O
                         net (fo=2, unplaced)         0.800     8.701    weight_sram_instance/weight_read_address[19]
                         DSP48E1 (Prop_dsp48e1_C[9]_P[5])
                                                      1.820    10.521 r  weight_sram_instance/read_data1__0/P[5]
                         net (fo=2415, unplaced)      0.800    11.321    weight_sram_instance/read_data1__0_n_100
                         LUT6 (Prop_lut6_I5_O)        0.124    11.445 r  weight_sram_instance/g301_b6__0/O
                         net (fo=1, unplaced)         0.000    11.445    weight_sram_instance/g301_b6__0_n_0
                         MUXF7 (Prop_muxf7_I1_O)      0.247    11.692 r  weight_sram_instance/read_data_reg[15]_i_76/O
                         net (fo=1, unplaced)         0.905    12.597    weight_sram_instance/read_data_reg[15]_i_76_n_0
                         LUT6 (Prop_lut6_I1_O)        0.298    12.895 r  weight_sram_instance/read_data[15]_i_32/O
                         net (fo=1, unplaced)         0.000    12.895    weight_sram_instance/read_data[15]_i_32_n_0
                         MUXF7 (Prop_muxf7_I1_O)      0.247    13.142 r  weight_sram_instance/read_data_reg[15]_i_12/O
                         net (fo=1, unplaced)         0.905    14.047    weight_sram_instance/read_data_reg[15]_i_12_n_0
                         LUT6 (Prop_lut6_I1_O)        0.298    14.345 r  weight_sram_instance/read_data[15]_i_5/O
                         net (fo=1, unplaced)         0.000    14.345    weight_sram_instance/read_data[15]_i_5_n_0
                         MUXF7 (Prop_muxf7_I0_O)      0.241    14.586 r  weight_sram_instance/read_data_reg[15]_i_2/O
                         net (fo=2, unplaced)         0.916    15.502    weight_sram_instance/read_data_reg[15]_i_2_n_0
                         LUT6 (Prop_lut6_I1_O)        0.298    15.800 r  weight_sram_instance/read_data[15]_i_1/O
                         net (fo=1, unplaced)         0.000    15.800    weight_sram_instance/p_14_out[15]
                         FDRE                                         r  weight_sram_instance/read_data_reg[15]/D
  -------------------------------------------------------------------    -------------------

                         (clock s_axi_aclk rise edge)
                                                     10.000    10.000 r  
                                                      0.000    10.000 r  s_axi_aclk (IN)
                         net (fo=0)                   0.000    10.000    s_axi_aclk
                         IBUF (Prop_ibuf_I_O)         0.838    10.838 r  s_axi_aclk_IBUF_inst/O
                         net (fo=1, unplaced)         0.760    11.598    s_axi_aclk_IBUF
                         BUFG (Prop_bufg_I_O)         0.091    11.689 r  s_axi_aclk_IBUF_BUFG_inst/O
                         net (fo=1556, unplaced)      0.439    12.128    weight_sram_instance/s_axi_aclk_IBUF_BUFG
                         FDRE                                         r  weight_sram_instance/read_data_reg[15]/C
                         clock pessimism              0.184    12.311    
                         clock uncertainty           -0.035    12.276    
                         FDRE (Setup_fdre_C_D)        0.044    12.320    weight_sram_instance/read_data_reg[15]
  -------------------------------------------------------------------
                         required time                         12.320    
                         arrival time                         -15.800    
  -------------------------------------------------------------------
                         slack                                 -3.480    

Slack (VIOLATED) :        -3.469ns  (required time - arrival time)
  Source:                 systolic_controller_instance/cycle_count_reg[3]/C
                            (rising edge-triggered cell FDCE clocked by s_axi_aclk  {rise@0.000ns fall@5.000ns period=10.000ns})
  Destination:            weight_sram_instance/read_data_reg[10]/D
                            (rising edge-triggered cell FDRE clocked by s_axi_aclk  {rise@0.000ns fall@5.000ns period=10.000ns})
  Path Group:             s_axi_aclk
  Path Type:              Setup (Max at Slow Process Corner)
  Requirement:            10.000ns  (s_axi_aclk rise@10.000ns - s_axi_aclk rise@0.000ns)
  Data Path Delay:        13.332ns  (logic 5.670ns (42.528%)  route 7.662ns (57.472%))
  Logic Levels:           16  (CARRY4=3 DSP48E1=1 LUT3=1 LUT5=3 LUT6=5 MUXF7=3)
  Clock Path Skew:        -0.145ns (DCD - SCD + CPR)
    Destination Clock Delay (DCD):    2.128ns = ( 12.128 - 10.000 ) 
    Source Clock Delay      (SCD):    2.456ns
    Clock Pessimism Removal (CPR):    0.184ns
  Clock Uncertainty:      0.035ns  ((TSJ^2 + TIJ^2)^1/2 + DJ) / 2 + PE
    Total System Jitter     (TSJ):    0.071ns
    Total Input Jitter      (TIJ):    0.000ns
    Discrete Jitter          (DJ):    0.000ns
    Phase Error              (PE):    0.000ns

    Location             Delay type                Incr(ns)  Path(ns)    Netlist Resource(s)
  -------------------------------------------------------------------    -------------------
                         (clock s_axi_aclk rise edge)
                                                      0.000     0.000 r  
                                                      0.000     0.000 r  s_axi_aclk (IN)
                         net (fo=0)                   0.000     0.000    s_axi_aclk
                         IBUF (Prop_ibuf_I_O)         0.972     0.972 r  s_axi_aclk_IBUF_inst/O
                         net (fo=1, unplaced)         0.800     1.771    s_axi_aclk_IBUF
                         BUFG (Prop_bufg_I_O)         0.101     1.872 r  s_axi_aclk_IBUF_BUFG_inst/O
                         net (fo=1556, unplaced)      0.584     2.456    systolic_controller_instance/s_axi_aclk_IBUF_BUFG
                         FDCE                                         r  systolic_controller_instance/cycle_count_reg[3]/C
  -------------------------------------------------------------------    -------------------
                         FDCE (Prop_fdce_C_Q)         0.478     2.934 r  systolic_controller_instance/cycle_count_reg[3]/Q
                         net (fo=62, unplaced)        0.894     3.828    systolic_controller_instance/Q[3]
                         LUT5 (Prop_lut5_I0_O)        0.321     4.149 r  systolic_controller_instance/memory_bank_1_reg_i_14/O
                         net (fo=8, unplaced)         0.487     4.636    systolic_controller_instance/memory_bank_1_reg_i_14_n_0
                         LUT3 (Prop_lut3_I2_O)        0.124     4.760 r  systolic_controller_instance/memory_bank_1_reg_i_13/O
                         net (fo=20, unplaced)        0.509     5.269    systolic_controller_instance/memory_bank_1_reg_i_13_n_0
                         LUT5 (Prop_lut5_I2_O)        0.116     5.385 r  systolic_controller_instance/memory_bank_1_reg_i_29/O
                         net (fo=1, unplaced)         0.000     5.385    systolic_controller_instance/memory_bank_1_reg_i_29_n_0
                         CARRY4 (Prop_carry4_DI[0]_CO[3])
                                                      0.576     5.961 r  systolic_controller_instance/memory_bank_1_reg_i_23/CO[3]
                         net (fo=1, unplaced)         0.000     5.961    systolic_controller_instance/memory_bank_1_reg_i_23_n_0
                         CARRY4 (Prop_carry4_CI_CO[3])
                                                      0.117     6.078 r  systolic_controller_instance/memory_bank_1_reg_i_17/CO[3]
                         net (fo=1, unplaced)         0.000     6.078    systolic_controller_instance/memory_bank_1_reg_i_17_n_0
                         CARRY4 (Prop_carry4_CI_CO[3])
                                                      0.117     6.195 r  systolic_controller_instance/memory_bank_1_reg_i_15/CO[3]
                         net (fo=3, unplaced)         0.936     7.131    systolic_controller_instance/operand_read_address2
                         LUT6 (Prop_lut6_I4_O)        0.124     7.255 r  systolic_controller_instance/read_valid[1]_i_1/O
                         net (fo=34, unplaced)        0.522     7.777    systolic_controller_instance/weight_read_enable[0]
                         LUT5 (Prop_lut5_I0_O)        0.124     7.901 r  systolic_controller_instance/memory_bank_1_reg_i_2/O
                         net (fo=2, unplaced)         0.800     8.701    weight_sram_instance/weight_read_address[19]
                         DSP48E1 (Prop_dsp48e1_C[9]_P[5])
                                                      1.820    10.521 r  weight_sram_instance/read_data1__0/P[5]
                         net (fo=2415, unplaced)      0.800    11.321    weight_sram_instance/read_data1__0_n_100
                         LUT6 (Prop_lut6_I5_O)        0.124    11.445 r  weight_sram_instance/g301_b2__0/O
                         net (fo=1, unplaced)         0.000    11.445    weight_sram_instance/g301_b2__0_n_0
                         MUXF7 (Prop_muxf7_I1_O)      0.247    11.692 r  weight_sram_instance/read_data_reg[10]_i_75/O
                         net (fo=1, unplaced)         0.905    12.597    weight_sram_instance/read_data_reg[10]_i_75_n_0
                         LUT6 (Prop_lut6_I1_O)        0.298    12.895 r  weight_sram_instance/read_data[10]_i_33/O
                         net (fo=1, unplaced)         0.000    12.895    weight_sram_instance/read_data[10]_i_33_n_0
                         MUXF7 (Prop_muxf7_I1_O)      0.247    13.142 r  weight_sram_instance/read_data_reg[10]_i_13/O
                         net (fo=1, unplaced)         0.905    14.047    weight_sram_instance/read_data_reg[10]_i_13_n_0
                         LUT6 (Prop_lut6_I1_O)        0.298    14.345 r  weight_sram_instance/read_data[10]_i_5/O
                         net (fo=1, unplaced)         0.000    14.345    weight_sram_instance/read_data[10]_i_5_n_0
                         MUXF7 (Prop_muxf7_I0_O)      0.241    14.586 r  weight_sram_instance/read_data_reg[10]_i_2/O
                         net (fo=1, unplaced)         0.905    15.491    weight_sram_instance/read_data_reg[10]_i_2_n_0
                         LUT6 (Prop_lut6_I1_O)        0.298    15.789 r  weight_sram_instance/read_data[10]_i_1/O
                         net (fo=1, unplaced)         0.000    15.789    weight_sram_instance/p_14_out[10]
                         FDRE                                         r  weight_sram_instance/read_data_reg[10]/D
  -------------------------------------------------------------------    -------------------

                         (clock s_axi_aclk rise edge)
                                                     10.000    10.000 r  
                                                      0.000    10.000 r  s_axi_aclk (IN)
                         net (fo=0)                   0.000    10.000    s_axi_aclk
                         IBUF (Prop_ibuf_I_O)         0.838    10.838 r  s_axi_aclk_IBUF_inst/O
                         net (fo=1, unplaced)         0.760    11.598    s_axi_aclk_IBUF
                         BUFG (Prop_bufg_I_O)         0.091    11.689 r  s_axi_aclk_IBUF_BUFG_inst/O
                         net (fo=1556, unplaced)      0.439    12.128    weight_sram_instance/s_axi_aclk_IBUF_BUFG
                         FDRE                                         r  weight_sram_instance/read_data_reg[10]/C
                         clock pessimism              0.184    12.311    
                         clock uncertainty           -0.035    12.276    
                         FDRE (Setup_fdre_C_D)        0.044    12.320    weight_sram_instance/read_data_reg[10]
  -------------------------------------------------------------------
                         required time                         12.320    
                         arrival time                         -15.789    
  -------------------------------------------------------------------
                         slack                                 -3.469    

Slack (VIOLATED) :        -3.469ns  (required time - arrival time)
  Source:                 systolic_controller_instance/cycle_count_reg[3]/C
                            (rising edge-triggered cell FDCE clocked by s_axi_aclk  {rise@0.000ns fall@5.000ns period=10.000ns})
  Destination:            weight_sram_instance/read_data_reg[11]/D
                            (rising edge-triggered cell FDRE clocked by s_axi_aclk  {rise@0.000ns fall@5.000ns period=10.000ns})
  Path Group:             s_axi_aclk
  Path Type:              Setup (Max at Slow Process Corner)
  Requirement:            10.000ns  (s_axi_aclk rise@10.000ns - s_axi_aclk rise@0.000ns)
  Data Path Delay:        13.332ns  (logic 5.670ns (42.528%)  route 7.662ns (57.472%))
  Logic Levels:           16  (CARRY4=3 DSP48E1=1 LUT3=1 LUT5=3 LUT6=5 MUXF7=3)
  Clock Path Skew:        -0.145ns (DCD - SCD + CPR)
    Destination Clock Delay (DCD):    2.128ns = ( 12.128 - 10.000 ) 
    Source Clock Delay      (SCD):    2.456ns
    Clock Pessimism Removal (CPR):    0.184ns
  Clock Uncertainty:      0.035ns  ((TSJ^2 + TIJ^2)^1/2 + DJ) / 2 + PE
    Total System Jitter     (TSJ):    0.071ns
    Total Input Jitter      (TIJ):    0.000ns
    Discrete Jitter          (DJ):    0.000ns
    Phase Error              (PE):    0.000ns

    Location             Delay type                Incr(ns)  Path(ns)    Netlist Resource(s)
  -------------------------------------------------------------------    -------------------
                         (clock s_axi_aclk rise edge)
                                                      0.000     0.000 r  
                                                      0.000     0.000 r  s_axi_aclk (IN)
                         net (fo=0)                   0.000     0.000    s_axi_aclk
                         IBUF (Prop_ibuf_I_O)         0.972     0.972 r  s_axi_aclk_IBUF_inst/O
                         net (fo=1, unplaced)         0.800     1.771    s_axi_aclk_IBUF
                         BUFG (Prop_bufg_I_O)         0.101     1.872 r  s_axi_aclk_IBUF_BUFG_inst/O
                         net (fo=1556, unplaced)      0.584     2.456    systolic_controller_instance/s_axi_aclk_IBUF_BUFG
                         FDCE                                         r  systolic_controller_instance/cycle_count_reg[3]/C
  -------------------------------------------------------------------    -------------------
                         FDCE (Prop_fdce_C_Q)         0.478     2.934 r  systolic_controller_instance/cycle_count_reg[3]/Q
                         net (fo=62, unplaced)        0.894     3.828    systolic_controller_instance/Q[3]
                         LUT5 (Prop_lut5_I0_O)        0.321     4.149 r  systolic_controller_instance/memory_bank_1_reg_i_14/O
                         net (fo=8, unplaced)         0.487     4.636    systolic_controller_instance/memory_bank_1_reg_i_14_n_0
                         LUT3 (Prop_lut3_I2_O)        0.124     4.760 r  systolic_controller_instance/memory_bank_1_reg_i_13/O
                         net (fo=20, unplaced)        0.509     5.269    systolic_controller_instance/memory_bank_1_reg_i_13_n_0
                         LUT5 (Prop_lut5_I2_O)        0.116     5.385 r  systolic_controller_instance/memory_bank_1_reg_i_29/O
                         net (fo=1, unplaced)         0.000     5.385    systolic_controller_instance/memory_bank_1_reg_i_29_n_0
                         CARRY4 (Prop_carry4_DI[0]_CO[3])
                                                      0.576     5.961 r  systolic_controller_instance/memory_bank_1_reg_i_23/CO[3]
                         net (fo=1, unplaced)         0.000     5.961    systolic_controller_instance/memory_bank_1_reg_i_23_n_0
                         CARRY4 (Prop_carry4_CI_CO[3])
                                                      0.117     6.078 r  systolic_controller_instance/memory_bank_1_reg_i_17/CO[3]
                         net (fo=1, unplaced)         0.000     6.078    systolic_controller_instance/memory_bank_1_reg_i_17_n_0
                         CARRY4 (Prop_carry4_CI_CO[3])
                                                      0.117     6.195 r  systolic_controller_instance/memory_bank_1_reg_i_15/CO[3]
                         net (fo=3, unplaced)         0.936     7.131    systolic_controller_instance/operand_read_address2
                         LUT6 (Prop_lut6_I4_O)        0.124     7.255 r  systolic_controller_instance/read_valid[1]_i_1/O
                         net (fo=34, unplaced)        0.522     7.777    systolic_controller_instance/weight_read_enable[0]
                         LUT5 (Prop_lut5_I0_O)        0.124     7.901 r  systolic_controller_instance/memory_bank_1_reg_i_2/O
                         net (fo=2, unplaced)         0.800     8.701    weight_sram_instance/weight_read_address[19]
                         DSP48E1 (Prop_dsp48e1_C[9]_P[5])
                                                      1.820    10.521 r  weight_sram_instance/read_data1__0/P[5]
                         net (fo=2415, unplaced)      0.800    11.321    weight_sram_instance/read_data1__0_n_100
                         LUT6 (Prop_lut6_I5_O)        0.124    11.445 r  weight_sram_instance/g301_b3__0/O
                         net (fo=1, unplaced)         0.000    11.445    weight_sram_instance/g301_b3__0_n_0
                         MUXF7 (Prop_muxf7_I1_O)      0.247    11.692 r  weight_sram_instance/read_data_reg[11]_i_75/O
                         net (fo=1, unplaced)         0.905    12.597    weight_sram_instance/read_data_reg[11]_i_75_n_0
                         LUT6 (Prop_lut6_I1_O)        0.298    12.895 r  weight_sram_instance/read_data[11]_i_33/O
                         net (fo=1, unplaced)         0.000    12.895    weight_sram_instance/read_data[11]_i_33_n_0
                         MUXF7 (Prop_muxf7_I1_O)      0.247    13.142 r  weight_sram_instance/read_data_reg[11]_i_13/O
                         net (fo=1, unplaced)         0.905    14.047    weight_sram_instance/read_data_reg[11]_i_13_n_0
                         LUT6 (Prop_lut6_I1_O)        0.298    14.345 r  weight_sram_instance/read_data[11]_i_5/O
                         net (fo=1, unplaced)         0.000    14.345    weight_sram_instance/read_data[11]_i_5_n_0
                         MUXF7 (Prop_muxf7_I0_O)      0.241    14.586 r  weight_sram_instance/read_data_reg[11]_i_2/O
                         net (fo=1, unplaced)         0.905    15.491    weight_sram_instance/read_data_reg[11]_i_2_n_0
                         LUT6 (Prop_lut6_I1_O)        0.298    15.789 r  weight_sram_instance/read_data[11]_i_1/O
                         net (fo=1, unplaced)         0.000    15.789    weight_sram_instance/p_14_out[11]
                         FDRE                                         r  weight_sram_instance/read_data_reg[11]/D
  -------------------------------------------------------------------    -------------------

                         (clock s_axi_aclk rise edge)
                                                     10.000    10.000 r  
                                                      0.000    10.000 r  s_axi_aclk (IN)
                         net (fo=0)                   0.000    10.000    s_axi_aclk
                         IBUF (Prop_ibuf_I_O)         0.838    10.838 r  s_axi_aclk_IBUF_inst/O
                         net (fo=1, unplaced)         0.760    11.598    s_axi_aclk_IBUF
                         BUFG (Prop_bufg_I_O)         0.091    11.689 r  s_axi_aclk_IBUF_BUFG_inst/O
                         net (fo=1556, unplaced)      0.439    12.128    weight_sram_instance/s_axi_aclk_IBUF_BUFG
                         FDRE                                         r  weight_sram_instance/read_data_reg[11]/C
                         clock pessimism              0.184    12.311    
                         clock uncertainty           -0.035    12.276    
                         FDRE (Setup_fdre_C_D)        0.044    12.320    weight_sram_instance/read_data_reg[11]
  -------------------------------------------------------------------
                         required time                         12.320    
                         arrival time                         -15.789    
  -------------------------------------------------------------------
                         slack                                 -3.469    

Slack (VIOLATED) :        -3.469ns  (required time - arrival time)
  Source:                 systolic_controller_instance/cycle_count_reg[3]/C
                            (rising edge-triggered cell FDCE clocked by s_axi_aclk  {rise@0.000ns fall@5.000ns period=10.000ns})
  Destination:            weight_sram_instance/read_data_reg[12]/D
                            (rising edge-triggered cell FDRE clocked by s_axi_aclk  {rise@0.000ns fall@5.000ns period=10.000ns})
  Path Group:             s_axi_aclk
  Path Type:              Setup (Max at Slow Process Corner)
  Requirement:            10.000ns  (s_axi_aclk rise@10.000ns - s_axi_aclk rise@0.000ns)
  Data Path Delay:        13.332ns  (logic 5.670ns (42.528%)  route 7.662ns (57.472%))
  Logic Levels:           16  (CARRY4=3 DSP48E1=1 LUT3=1 LUT5=3 LUT6=5 MUXF7=3)
  Clock Path Skew:        -0.145ns (DCD - SCD + CPR)
    Destination Clock Delay (DCD):    2.128ns = ( 12.128 - 10.000 ) 
    Source Clock Delay      (SCD):    2.456ns
    Clock Pessimism Removal (CPR):    0.184ns
  Clock Uncertainty:      0.035ns  ((TSJ^2 + TIJ^2)^1/2 + DJ) / 2 + PE
    Total System Jitter     (TSJ):    0.071ns
    Total Input Jitter      (TIJ):    0.000ns
    Discrete Jitter          (DJ):    0.000ns
    Phase Error              (PE):    0.000ns

    Location             Delay type                Incr(ns)  Path(ns)    Netlist Resource(s)
  -------------------------------------------------------------------    -------------------
                         (clock s_axi_aclk rise edge)
                                                      0.000     0.000 r  
                                                      0.000     0.000 r  s_axi_aclk (IN)
                         net (fo=0)                   0.000     0.000    s_axi_aclk
                         IBUF (Prop_ibuf_I_O)         0.972     0.972 r  s_axi_aclk_IBUF_inst/O
                         net (fo=1, unplaced)         0.800     1.771    s_axi_aclk_IBUF
                         BUFG (Prop_bufg_I_O)         0.101     1.872 r  s_axi_aclk_IBUF_BUFG_inst/O
                         net (fo=1556, unplaced)      0.584     2.456    systolic_controller_instance/s_axi_aclk_IBUF_BUFG
                         FDCE                                         r  systolic_controller_instance/cycle_count_reg[3]/C
  -------------------------------------------------------------------    -------------------
                         FDCE (Prop_fdce_C_Q)         0.478     2.934 r  systolic_controller_instance/cycle_count_reg[3]/Q
                         net (fo=62, unplaced)        0.894     3.828    systolic_controller_instance/Q[3]
                         LUT5 (Prop_lut5_I0_O)        0.321     4.149 r  systolic_controller_instance/memory_bank_1_reg_i_14/O
                         net (fo=8, unplaced)         0.487     4.636    systolic_controller_instance/memory_bank_1_reg_i_14_n_0
                         LUT3 (Prop_lut3_I2_O)        0.124     4.760 r  systolic_controller_instance/memory_bank_1_reg_i_13/O
                         net (fo=20, unplaced)        0.509     5.269    systolic_controller_instance/memory_bank_1_reg_i_13_n_0
                         LUT5 (Prop_lut5_I2_O)        0.116     5.385 r  systolic_controller_instance/memory_bank_1_reg_i_29/O
                         net (fo=1, unplaced)         0.000     5.385    systolic_controller_instance/memory_bank_1_reg_i_29_n_0
                         CARRY4 (Prop_carry4_DI[0]_CO[3])
                                                      0.576     5.961 r  systolic_controller_instance/memory_bank_1_reg_i_23/CO[3]
                         net (fo=1, unplaced)         0.000     5.961    systolic_controller_instance/memory_bank_1_reg_i_23_n_0
                         CARRY4 (Prop_carry4_CI_CO[3])
                                                      0.117     6.078 r  systolic_controller_instance/memory_bank_1_reg_i_17/CO[3]
                         net (fo=1, unplaced)         0.000     6.078    systolic_controller_instance/memory_bank_1_reg_i_17_n_0
                         CARRY4 (Prop_carry4_CI_CO[3])
                                                      0.117     6.195 r  systolic_controller_instance/memory_bank_1_reg_i_15/CO[3]
                         net (fo=3, unplaced)         0.936     7.131    systolic_controller_instance/operand_read_address2
                         LUT6 (Prop_lut6_I4_O)        0.124     7.255 r  systolic_controller_instance/read_valid[1]_i_1/O
                         net (fo=34, unplaced)        0.522     7.777    systolic_controller_instance/weight_read_enable[0]
                         LUT5 (Prop_lut5_I0_O)        0.124     7.901 r  systolic_controller_instance/memory_bank_1_reg_i_2/O
                         net (fo=2, unplaced)         0.800     8.701    weight_sram_instance/weight_read_address[19]
                         DSP48E1 (Prop_dsp48e1_C[9]_P[5])
                                                      1.820    10.521 r  weight_sram_instance/read_data1__0/P[5]
                         net (fo=2415, unplaced)      0.800    11.321    weight_sram_instance/read_data1__0_n_100
                         LUT6 (Prop_lut6_I5_O)        0.124    11.445 r  weight_sram_instance/g301_b4__0/O
                         net (fo=1, unplaced)         0.000    11.445    weight_sram_instance/g301_b4__0_n_0
                         MUXF7 (Prop_muxf7_I1_O)      0.247    11.692 r  weight_sram_instance/read_data_reg[12]_i_75/O
                         net (fo=1, unplaced)         0.905    12.597    weight_sram_instance/read_data_reg[12]_i_75_n_0
                         LUT6 (Prop_lut6_I1_O)        0.298    12.895 r  weight_sram_instance/read_data[12]_i_33/O
                         net (fo=1, unplaced)         0.000    12.895    weight_sram_instance/read_data[12]_i_33_n_0
                         MUXF7 (Prop_muxf7_I1_O)      0.247    13.142 r  weight_sram_instance/read_data_reg[12]_i_13/O
                         net (fo=1, unplaced)         0.905    14.047    weight_sram_instance/read_data_reg[12]_i_13_n_0
                         LUT6 (Prop_lut6_I1_O)        0.298    14.345 r  weight_sram_instance/read_data[12]_i_5/O
                         net (fo=1, unplaced)         0.000    14.345    weight_sram_instance/read_data[12]_i_5_n_0
                         MUXF7 (Prop_muxf7_I0_O)      0.241    14.586 r  weight_sram_instance/read_data_reg[12]_i_2/O
                         net (fo=1, unplaced)         0.905    15.491    weight_sram_instance/read_data_reg[12]_i_2_n_0
                         LUT6 (Prop_lut6_I1_O)        0.298    15.789 r  weight_sram_instance/read_data[12]_i_1/O
                         net (fo=1, unplaced)         0.000    15.789    weight_sram_instance/p_14_out[12]
                         FDRE                                         r  weight_sram_instance/read_data_reg[12]/D
  -------------------------------------------------------------------    -------------------

                         (clock s_axi_aclk rise edge)
                                                     10.000    10.000 r  
                                                      0.000    10.000 r  s_axi_aclk (IN)
                         net (fo=0)                   0.000    10.000    s_axi_aclk
                         IBUF (Prop_ibuf_I_O)         0.838    10.838 r  s_axi_aclk_IBUF_inst/O
                         net (fo=1, unplaced)         0.760    11.598    s_axi_aclk_IBUF
                         BUFG (Prop_bufg_I_O)         0.091    11.689 r  s_axi_aclk_IBUF_BUFG_inst/O
                         net (fo=1556, unplaced)      0.439    12.128    weight_sram_instance/s_axi_aclk_IBUF_BUFG
                         FDRE                                         r  weight_sram_instance/read_data_reg[12]/C
                         clock pessimism              0.184    12.311    
                         clock uncertainty           -0.035    12.276    
                         FDRE (Setup_fdre_C_D)        0.044    12.320    weight_sram_instance/read_data_reg[12]
  -------------------------------------------------------------------
                         required time                         12.320    
                         arrival time                         -15.789    
  -------------------------------------------------------------------
                         slack                                 -3.469    

Slack (VIOLATED) :        -3.469ns  (required time - arrival time)
  Source:                 systolic_controller_instance/cycle_count_reg[3]/C
                            (rising edge-triggered cell FDCE clocked by s_axi_aclk  {rise@0.000ns fall@5.000ns period=10.000ns})
  Destination:            weight_sram_instance/read_data_reg[13]/D
                            (rising edge-triggered cell FDRE clocked by s_axi_aclk  {rise@0.000ns fall@5.000ns period=10.000ns})
  Path Group:             s_axi_aclk
  Path Type:              Setup (Max at Slow Process Corner)
  Requirement:            10.000ns  (s_axi_aclk rise@10.000ns - s_axi_aclk rise@0.000ns)
  Data Path Delay:        13.332ns  (logic 5.670ns (42.528%)  route 7.662ns (57.472%))
  Logic Levels:           16  (CARRY4=3 DSP48E1=1 LUT3=1 LUT5=3 LUT6=5 MUXF7=3)
  Clock Path Skew:        -0.145ns (DCD - SCD + CPR)
    Destination Clock Delay (DCD):    2.128ns = ( 12.128 - 10.000 ) 
    Source Clock Delay      (SCD):    2.456ns
    Clock Pessimism Removal (CPR):    0.184ns
  Clock Uncertainty:      0.035ns  ((TSJ^2 + TIJ^2)^1/2 + DJ) / 2 + PE
    Total System Jitter     (TSJ):    0.071ns
    Total Input Jitter      (TIJ):    0.000ns
    Discrete Jitter          (DJ):    0.000ns
    Phase Error              (PE):    0.000ns

    Location             Delay type                Incr(ns)  Path(ns)    Netlist Resource(s)
  -------------------------------------------------------------------    -------------------
                         (clock s_axi_aclk rise edge)
                                                      0.000     0.000 r  
                                                      0.000     0.000 r  s_axi_aclk (IN)
                         net (fo=0)                   0.000     0.000    s_axi_aclk
                         IBUF (Prop_ibuf_I_O)         0.972     0.972 r  s_axi_aclk_IBUF_inst/O
                         net (fo=1, unplaced)         0.800     1.771    s_axi_aclk_IBUF
                         BUFG (Prop_bufg_I_O)         0.101     1.872 r  s_axi_aclk_IBUF_BUFG_inst/O
                         net (fo=1556, unplaced)      0.584     2.456    systolic_controller_instance/s_axi_aclk_IBUF_BUFG
                         FDCE                                         r  systolic_controller_instance/cycle_count_reg[3]/C
  -------------------------------------------------------------------    -------------------
                         FDCE (Prop_fdce_C_Q)         0.478     2.934 r  systolic_controller_instance/cycle_count_reg[3]/Q
                         net (fo=62, unplaced)        0.894     3.828    systolic_controller_instance/Q[3]
                         LUT5 (Prop_lut5_I0_O)        0.321     4.149 r  systolic_controller_instance/memory_bank_1_reg_i_14/O
                         net (fo=8, unplaced)         0.487     4.636    systolic_controller_instance/memory_bank_1_reg_i_14_n_0
                         LUT3 (Prop_lut3_I2_O)        0.124     4.760 r  systolic_controller_instance/memory_bank_1_reg_i_13/O
                         net (fo=20, unplaced)        0.509     5.269    systolic_controller_instance/memory_bank_1_reg_i_13_n_0
                         LUT5 (Prop_lut5_I2_O)        0.116     5.385 r  systolic_controller_instance/memory_bank_1_reg_i_29/O
                         net (fo=1, unplaced)         0.000     5.385    systolic_controller_instance/memory_bank_1_reg_i_29_n_0
                         CARRY4 (Prop_carry4_DI[0]_CO[3])
                                                      0.576     5.961 r  systolic_controller_instance/memory_bank_1_reg_i_23/CO[3]
                         net (fo=1, unplaced)         0.000     5.961    systolic_controller_instance/memory_bank_1_reg_i_23_n_0
                         CARRY4 (Prop_carry4_CI_CO[3])
                                                      0.117     6.078 r  systolic_controller_instance/memory_bank_1_reg_i_17/CO[3]
                         net (fo=1, unplaced)         0.000     6.078    systolic_controller_instance/memory_bank_1_reg_i_17_n_0
                         CARRY4 (Prop_carry4_CI_CO[3])
                                                      0.117     6.195 r  systolic_controller_instance/memory_bank_1_reg_i_15/CO[3]
                         net (fo=3, unplaced)         0.936     7.131    systolic_controller_instance/operand_read_address2
                         LUT6 (Prop_lut6_I4_O)        0.124     7.255 r  systolic_controller_instance/read_valid[1]_i_1/O
                         net (fo=34, unplaced)        0.522     7.777    systolic_controller_instance/weight_read_enable[0]
                         LUT5 (Prop_lut5_I0_O)        0.124     7.901 r  systolic_controller_instance/memory_bank_1_reg_i_2/O
                         net (fo=2, unplaced)         0.800     8.701    weight_sram_instance/weight_read_address[19]
                         DSP48E1 (Prop_dsp48e1_C[9]_P[5])
                                                      1.820    10.521 r  weight_sram_instance/read_data1__0/P[5]
                         net (fo=2415, unplaced)      0.800    11.321    weight_sram_instance/read_data1__0_n_100
                         LUT6 (Prop_lut6_I5_O)        0.124    11.445 r  weight_sram_instance/g301_b5__0/O
                         net (fo=1, unplaced)         0.000    11.445    weight_sram_instance/g301_b5__0_n_0
                         MUXF7 (Prop_muxf7_I1_O)      0.247    11.692 r  weight_sram_instance/read_data_reg[13]_i_85/O
                         net (fo=1, unplaced)         0.905    12.597    weight_sram_instance/read_data_reg[13]_i_85_n_0
                         LUT6 (Prop_lut6_I1_O)        0.298    12.895 r  weight_sram_instance/read_data[13]_i_40/O
                         net (fo=1, unplaced)         0.000    12.895    weight_sram_instance/read_data[13]_i_40_n_0
                         MUXF7 (Prop_muxf7_I1_O)      0.247    13.142 r  weight_sram_instance/read_data_reg[13]_i_14/O
                         net (fo=1, unplaced)         0.905    14.047    weight_sram_instance/read_data_reg[13]_i_14_n_0
                         LUT6 (Prop_lut6_I1_O)        0.298    14.345 r  weight_sram_instance/read_data[13]_i_5/O
                         net (fo=1, unplaced)         0.000    14.345    weight_sram_instance/read_data[13]_i_5_n_0
                         MUXF7 (Prop_muxf7_I0_O)      0.241    14.586 r  weight_sram_instance/read_data_reg[13]_i_2/O
                         net (fo=1, unplaced)         0.905    15.491    weight_sram_instance/read_data_reg[13]_i_2_n_0
                         LUT6 (Prop_lut6_I1_O)        0.298    15.789 r  weight_sram_instance/read_data[13]_i_1/O
                         net (fo=1, unplaced)         0.000    15.789    weight_sram_instance/p_14_out[13]
                         FDRE                                         r  weight_sram_instance/read_data_reg[13]/D
  -------------------------------------------------------------------    -------------------

                         (clock s_axi_aclk rise edge)
                                                     10.000    10.000 r  
                                                      0.000    10.000 r  s_axi_aclk (IN)
                         net (fo=0)                   0.000    10.000    s_axi_aclk
                         IBUF (Prop_ibuf_I_O)         0.838    10.838 r  s_axi_aclk_IBUF_inst/O
                         net (fo=1, unplaced)         0.760    11.598    s_axi_aclk_IBUF
                         BUFG (Prop_bufg_I_O)         0.091    11.689 r  s_axi_aclk_IBUF_BUFG_inst/O
                         net (fo=1556, unplaced)      0.439    12.128    weight_sram_instance/s_axi_aclk_IBUF_BUFG
                         FDRE                                         r  weight_sram_instance/read_data_reg[13]/C
                         clock pessimism              0.184    12.311    
                         clock uncertainty           -0.035    12.276    
                         FDRE (Setup_fdre_C_D)        0.044    12.320    weight_sram_instance/read_data_reg[13]
  -------------------------------------------------------------------
                         required time                         12.320    
                         arrival time                         -15.789    
  -------------------------------------------------------------------
                         slack                                 -3.469    

Slack (VIOLATED) :        -3.469ns  (required time - arrival time)
  Source:                 systolic_controller_instance/cycle_count_reg[3]/C
                            (rising edge-triggered cell FDCE clocked by s_axi_aclk  {rise@0.000ns fall@5.000ns period=10.000ns})
  Destination:            weight_sram_instance/read_data_reg[9]/D
                            (rising edge-triggered cell FDRE clocked by s_axi_aclk  {rise@0.000ns fall@5.000ns period=10.000ns})
  Path Group:             s_axi_aclk
  Path Type:              Setup (Max at Slow Process Corner)
  Requirement:            10.000ns  (s_axi_aclk rise@10.000ns - s_axi_aclk rise@0.000ns)
  Data Path Delay:        13.332ns  (logic 5.670ns (42.528%)  route 7.662ns (57.472%))
  Logic Levels:           16  (CARRY4=3 DSP48E1=1 LUT3=1 LUT5=3 LUT6=5 MUXF7=3)
  Clock Path Skew:        -0.145ns (DCD - SCD + CPR)
    Destination Clock Delay (DCD):    2.128ns = ( 12.128 - 10.000 ) 
    Source Clock Delay      (SCD):    2.456ns
    Clock Pessimism Removal (CPR):    0.184ns
  Clock Uncertainty:      0.035ns  ((TSJ^2 + TIJ^2)^1/2 + DJ) / 2 + PE
    Total System Jitter     (TSJ):    0.071ns
    Total Input Jitter      (TIJ):    0.000ns
    Discrete Jitter          (DJ):    0.000ns
    Phase Error              (PE):    0.000ns

    Location             Delay type                Incr(ns)  Path(ns)    Netlist Resource(s)
  -------------------------------------------------------------------    -------------------
                         (clock s_axi_aclk rise edge)
                                                      0.000     0.000 r  
                                                      0.000     0.000 r  s_axi_aclk (IN)
                         net (fo=0)                   0.000     0.000    s_axi_aclk
                         IBUF (Prop_ibuf_I_O)         0.972     0.972 r  s_axi_aclk_IBUF_inst/O
                         net (fo=1, unplaced)         0.800     1.771    s_axi_aclk_IBUF
                         BUFG (Prop_bufg_I_O)         0.101     1.872 r  s_axi_aclk_IBUF_BUFG_inst/O
                         net (fo=1556, unplaced)      0.584     2.456    systolic_controller_instance/s_axi_aclk_IBUF_BUFG
                         FDCE                                         r  systolic_controller_instance/cycle_count_reg[3]/C
  -------------------------------------------------------------------    -------------------
                         FDCE (Prop_fdce_C_Q)         0.478     2.934 r  systolic_controller_instance/cycle_count_reg[3]/Q
                         net (fo=62, unplaced)        0.894     3.828    systolic_controller_instance/Q[3]
                         LUT5 (Prop_lut5_I0_O)        0.321     4.149 r  systolic_controller_instance/memory_bank_1_reg_i_14/O
                         net (fo=8, unplaced)         0.487     4.636    systolic_controller_instance/memory_bank_1_reg_i_14_n_0
                         LUT3 (Prop_lut3_I2_O)        0.124     4.760 r  systolic_controller_instance/memory_bank_1_reg_i_13/O
                         net (fo=20, unplaced)        0.509     5.269    systolic_controller_instance/memory_bank_1_reg_i_13_n_0
                         LUT5 (Prop_lut5_I2_O)        0.116     5.385 r  systolic_controller_instance/memory_bank_1_reg_i_29/O
                         net (fo=1, unplaced)         0.000     5.385    systolic_controller_instance/memory_bank_1_reg_i_29_n_0
                         CARRY4 (Prop_carry4_DI[0]_CO[3])
                                                      0.576     5.961 r  systolic_controller_instance/memory_bank_1_reg_i_23/CO[3]
                         net (fo=1, unplaced)         0.000     5.961    systolic_controller_instance/memory_bank_1_reg_i_23_n_0
                         CARRY4 (Prop_carry4_CI_CO[3])
                                                      0.117     6.078 r  systolic_controller_instance/memory_bank_1_reg_i_17/CO[3]
                         net (fo=1, unplaced)         0.000     6.078    systolic_controller_instance/memory_bank_1_reg_i_17_n_0
                         CARRY4 (Prop_carry4_CI_CO[3])
                                                      0.117     6.195 r  systolic_controller_instance/memory_bank_1_reg_i_15/CO[3]
                         net (fo=3, unplaced)         0.936     7.131    systolic_controller_instance/operand_read_address2
                         LUT6 (Prop_lut6_I4_O)        0.124     7.255 r  systolic_controller_instance/read_valid[1]_i_1/O
                         net (fo=34, unplaced)        0.522     7.777    systolic_controller_instance/weight_read_enable[0]
                         LUT5 (Prop_lut5_I0_O)        0.124     7.901 r  systolic_controller_instance/memory_bank_1_reg_i_2/O
                         net (fo=2, unplaced)         0.800     8.701    weight_sram_instance/weight_read_address[19]
                         DSP48E1 (Prop_dsp48e1_C[9]_P[5])
                                                      1.820    10.521 r  weight_sram_instance/read_data1__0/P[5]
                         net (fo=2415, unplaced)      0.800    11.321    weight_sram_instance/read_data1__0_n_100
                         LUT6 (Prop_lut6_I5_O)        0.124    11.445 r  weight_sram_instance/g317_b1__0/O
                         net (fo=1, unplaced)         0.000    11.445    weight_sram_instance/g317_b1__0_n_0
                         MUXF7 (Prop_muxf7_I1_O)      0.247    11.692 r  weight_sram_instance/read_data_reg[9]_i_71/O
                         net (fo=1, unplaced)         0.905    12.597    weight_sram_instance/read_data_reg[9]_i_71_n_0
                         LUT6 (Prop_lut6_I1_O)        0.298    12.895 r  weight_sram_instance/read_data[9]_i_31/O
                         net (fo=1, unplaced)         0.000    12.895    weight_sram_instance/read_data[9]_i_31_n_0
                         MUXF7 (Prop_muxf7_I1_O)      0.247    13.142 r  weight_sram_instance/read_data_reg[9]_i_12/O
                         net (fo=1, unplaced)         0.905    14.047    weight_sram_instance/read_data_reg[9]_i_12_n_0
                         LUT6 (Prop_lut6_I0_O)        0.298    14.345 r  weight_sram_instance/read_data[9]_i_5/O
                         net (fo=1, unplaced)         0.000    14.345    weight_sram_instance/read_data[9]_i_5_n_0
                         MUXF7 (Prop_muxf7_I0_O)      0.241    14.586 r  weight_sram_instance/read_data_reg[9]_i_2/O
                         net (fo=1, unplaced)         0.905    15.491    weight_sram_instance/read_data_reg[9]_i_2_n_0
                         LUT6 (Prop_lut6_I1_O)        0.298    15.789 r  weight_sram_instance/read_data[9]_i_1/O
                         net (fo=1, unplaced)         0.000    15.789    weight_sram_instance/p_14_out[9]
                         FDRE                                         r  weight_sram_instance/read_data_reg[9]/D
  -------------------------------------------------------------------    -------------------

                         (clock s_axi_aclk rise edge)
                                                     10.000    10.000 r  
                                                      0.000    10.000 r  s_axi_aclk (IN)
                         net (fo=0)                   0.000    10.000    s_axi_aclk
                         IBUF (Prop_ibuf_I_O)         0.838    10.838 r  s_axi_aclk_IBUF_inst/O
                         net (fo=1, unplaced)         0.760    11.598    s_axi_aclk_IBUF
                         BUFG (Prop_bufg_I_O)         0.091    11.689 r  s_axi_aclk_IBUF_BUFG_inst/O
                         net (fo=1556, unplaced)      0.439    12.128    weight_sram_instance/s_axi_aclk_IBUF_BUFG
                         FDRE                                         r  weight_sram_instance/read_data_reg[9]/C
                         clock pessimism              0.184    12.311    
                         clock uncertainty           -0.035    12.276    
                         FDRE (Setup_fdre_C_D)        0.044    12.320    weight_sram_instance/read_data_reg[9]
  -------------------------------------------------------------------
                         required time                         12.320    
                         arrival time                         -15.789    
  -------------------------------------------------------------------
                         slack                                 -3.469    





Pulse Width Checks
--------------------------------------------------------------------------------------
Clock Name:         s_axi_aclk
Waveform(ns):       { 0.000 5.000 }
Period(ns):         10.000
Sources:            { s_axi_aclk }

Check Type        Corner  Lib Pin             Reference Pin  Required(ns)  Actual(ns)  Slack(ns)  Location  Pin
Min Period        n/a     RAMB18E1/CLKARDCLK  n/a            2.944         10.000      7.056                input_buffer_instance/memory_bank_0_reg/CLKARDCLK
Min Period        n/a     RAMB18E1/CLKARDCLK  n/a            2.944         10.000      7.056                input_buffer_instance/memory_bank_1_reg/CLKARDCLK
Min Period        n/a     RAMB18E1/CLKARDCLK  n/a            2.944         10.000      7.056                input_buffer_instance/memory_bank_2_reg/CLKARDCLK
Min Period        n/a     RAMB18E1/CLKARDCLK  n/a            2.944         10.000      7.056                input_buffer_instance/memory_bank_3_reg/CLKARDCLK
Min Period        n/a     RAMB18E1/CLKARDCLK  n/a            2.944         10.000      7.056                input_buffer_instance/memory_bank_4_reg/CLKARDCLK
Min Period        n/a     RAMB18E1/CLKBWRCLK  n/a            2.576         10.000      7.424                input_buffer_instance/memory_bank_0_reg/CLKBWRCLK
Min Period        n/a     RAMB18E1/CLKBWRCLK  n/a            2.576         10.000      7.424                input_buffer_instance/memory_bank_1_reg/CLKBWRCLK
Min Period        n/a     RAMB18E1/CLKBWRCLK  n/a            2.576         10.000      7.424                input_buffer_instance/memory_bank_2_reg/CLKBWRCLK
Min Period        n/a     RAMB18E1/CLKBWRCLK  n/a            2.576         10.000      7.424                input_buffer_instance/memory_bank_3_reg/CLKBWRCLK
Min Period        n/a     RAMB18E1/CLKBWRCLK  n/a            2.576         10.000      7.424                input_buffer_instance/memory_bank_4_reg/CLKBWRCLK
Low Pulse Width   Slow    RAMD32/CLK          n/a            1.250         5.000       3.750                global_buffer_instance/region_a_bank_0_reg_0_31_0_5/RAMA/CLK
Low Pulse Width   Fast    RAMD32/CLK          n/a            1.250         5.000       3.750                global_buffer_instance/region_a_bank_0_reg_0_31_0_5/RAMA/CLK
Low Pulse Width   Slow    RAMD32/CLK          n/a            1.250         5.000       3.750                global_buffer_instance/region_a_bank_0_reg_0_31_0_5/RAMA_D1/CLK
Low Pulse Width   Fast    RAMD32/CLK          n/a            1.250         5.000       3.750                global_buffer_instance/region_a_bank_0_reg_0_31_0_5/RAMA_D1/CLK
Low Pulse Width   Slow    RAMD32/CLK          n/a            1.250         5.000       3.750                global_buffer_instance/region_a_bank_0_reg_0_31_0_5/RAMB/CLK
Low Pulse Width   Fast    RAMD32/CLK          n/a            1.250         5.000       3.750                global_buffer_instance/region_a_bank_0_reg_0_31_0_5/RAMB/CLK
Low Pulse Width   Slow    RAMD32/CLK          n/a            1.250         5.000       3.750                global_buffer_instance/region_a_bank_0_reg_0_31_0_5/RAMB_D1/CLK
Low Pulse Width   Fast    RAMD32/CLK          n/a            1.250         5.000       3.750                global_buffer_instance/region_a_bank_0_reg_0_31_0_5/RAMB_D1/CLK
Low Pulse Width   Slow    RAMD32/CLK          n/a            1.250         5.000       3.750                global_buffer_instance/region_a_bank_0_reg_0_31_0_5/RAMC/CLK
Low Pulse Width   Fast    RAMD32/CLK          n/a            1.250         5.000       3.750                global_buffer_instance/region_a_bank_0_reg_0_31_0_5/RAMC/CLK
High Pulse Width  Slow    RAMD32/CLK          n/a            1.250         5.000       3.750                global_buffer_instance/region_a_bank_0_reg_0_31_0_5/RAMA/CLK
High Pulse Width  Fast    RAMD32/CLK          n/a            1.250         5.000       3.750                global_buffer_instance/region_a_bank_0_reg_0_31_0_5/RAMA/CLK
High Pulse Width  Slow    RAMD32/CLK          n/a            1.250         5.000       3.750                global_buffer_instance/region_a_bank_0_reg_0_31_0_5/RAMA_D1/CLK
High Pulse Width  Fast    RAMD32/CLK          n/a            1.250         5.000       3.750                global_buffer_instance/region_a_bank_0_reg_0_31_0_5/RAMA_D1/CLK
High Pulse Width  Slow    RAMD32/CLK          n/a            1.250         5.000       3.750                global_buffer_instance/region_a_bank_0_reg_0_31_0_5/RAMB/CLK
High Pulse Width  Fast    RAMD32/CLK          n/a            1.250         5.000       3.750                global_buffer_instance/region_a_bank_0_reg_0_31_0_5/RAMB/CLK
High Pulse Width  Slow    RAMD32/CLK          n/a            1.250         5.000       3.750                global_buffer_instance/region_a_bank_0_reg_0_31_0_5/RAMB_D1/CLK
High Pulse Width  Fast    RAMD32/CLK          n/a            1.250         5.000       3.750                global_buffer_instance/region_a_bank_0_reg_0_31_0_5/RAMB_D1/CLK
High Pulse Width  Slow    RAMD32/CLK          n/a            1.250         5.000       3.750                global_buffer_instance/region_a_bank_0_reg_0_31_0_5/RAMC/CLK
High Pulse Width  Fast    RAMD32/CLK          n/a            1.250         5.000       3.750                global_buffer_instance/region_a_bank_0_reg_0_31_0_5/RAMC/CLK



