Copyright 1986-2022 Xilinx, Inc. All Rights Reserved.
-------------------------------------------------------------------------------------------------------------------------------------------------------------------------------------------
| Tool Version     : Vivado v.2022.1 (win64) Build 3526262 Mon Apr 18 15:48:16 MDT 2022
| Date             : Sat Sep 19 18:11:38 2026
| Host             : BOOK-P2O9FRPHFQ running 64-bit major release  (build 9200)
| Command          : report_power -name power_saif -file C:/Users/iuhj0/Eddie/rag_db_project/artifacts/implementation/optimized_accelerator/run_004/reference/power_post_route.rpt
| Design           : zyNet
| Device           : xc7z020clg400-1
| Design State     : routed
| Grade            : commercial
| Process          : typical
| Characterization : Production
-------------------------------------------------------------------------------------------------------------------------------------------------------------------------------------------

Power Report

Table of Contents
-----------------
1. Summary
1.1 On-Chip Components
1.2 Power Supply Summary
1.3 Confidence Level
2. Settings
2.1 Environment
2.2 Clock Constraints
3. Detailed Reports
3.1 By Hierarchy

1. Summary
----------

+--------------------------+---------------------------------------------------------------------------------------------------------------------------------------+
| Total On-Chip Power (W)  | 0.614                                                                                                                                 |
| Design Power Budget (W)  | Unspecified*                                                                                                                          |
| Power Budget Margin (W)  | NA                                                                                                                                    |
| Dynamic (W)              | 0.501                                                                                                                                 |
| Device Static (W)        | 0.113                                                                                                                                 |
| Effective TJA (C/W)      | 11.5                                                                                                                                  |
| Max Ambient (C)          | 77.9                                                                                                                                  |
| Junction Temperature (C) | 32.1                                                                                                                                  |
| Confidence Level         | Medium                                                                                                                                |
| Setting File             | ---                                                                                                                                   |
| Simulation Activity File | C:/Users/iuhj0/Eddie/rag_db_project/.automation_debug/baseline_001/project/workspace/optimized_accelerator/.vivado_flow/activity.saif |
| Design Nets Matched      | 1%   (401/32188)                                                                                                                      |
+--------------------------+---------------------------------------------------------------------------------------------------------------------------------------+
* Specify Design Power Budget using, set_operating_conditions -design_power_budget <value in Watts>


1.1 On-Chip Components
----------------------

+----------------+-----------+----------+-----------+-----------------+
| On-Chip        | Power (W) | Used     | Available | Utilization (%) |
+----------------+-----------+----------+-----------+-----------------+
| Clocks         |     0.013 |        3 |       --- |             --- |
| Slice Logic    |     0.234 |    30142 |       --- |             --- |
|   LUT as Logic |     0.214 |    18094 |     53200 |           34.01 |
|   F7/F8 Muxes  |     0.017 |     8262 |     53200 |           15.53 |
|   CARRY4       |     0.002 |      644 |     13300 |            4.84 |
|   Register     |    <0.001 |     1536 |    106400 |            1.44 |
|   Others       |     0.000 |       68 |       --- |             --- |
| Signals        |     0.247 |    11228 |       --- |             --- |
| Block RAM      |     0.004 |      2.5 |       140 |            1.79 |
| DSPs           |     0.004 |        5 |       220 |            2.27 |
| I/O            |    <0.001 |       64 |       125 |           51.20 |
| Static Power   |     0.113 |          |           |                 |
| Total          |     0.614 |          |           |                 |
+----------------+-----------+----------+-----------+-----------------+


1.2 Power Supply Summary
------------------------

+-----------+-------------+-----------+-------------+------------+-------------+-------------+------------+
| Source    | Voltage (V) | Total (A) | Dynamic (A) | Static (A) | Powerup (A) | Budget (A)  | Margin (A) |
+-----------+-------------+-----------+-------------+------------+-------------+-------------+------------+
| Vccint    |       1.000 |     0.510 |       0.501 |      0.009 |       NA    | Unspecified | NA         |
| Vccaux    |       1.800 |     0.012 |       0.000 |      0.012 |       NA    | Unspecified | NA         |
| Vcco33    |       3.300 |     0.000 |       0.000 |      0.000 |       NA    | Unspecified | NA         |
| Vcco25    |       2.500 |     0.000 |       0.000 |      0.000 |       NA    | Unspecified | NA         |
| Vcco18    |       1.800 |     0.001 |       0.000 |      0.001 |       NA    | Unspecified | NA         |
| Vcco15    |       1.500 |     0.000 |       0.000 |      0.000 |       NA    | Unspecified | NA         |
| Vcco135   |       1.350 |     0.000 |       0.000 |      0.000 |       NA    | Unspecified | NA         |
| Vcco12    |       1.200 |     0.000 |       0.000 |      0.000 |       NA    | Unspecified | NA         |
| Vccaux_io |       1.800 |     0.000 |       0.000 |      0.000 |       NA    | Unspecified | NA         |
| Vccbram   |       1.000 |     0.001 |       0.000 |      0.001 |       NA    | Unspecified | NA         |
| MGTAVcc   |       1.000 |     0.000 |       0.000 |      0.000 |       NA    | Unspecified | NA         |
| MGTAVtt   |       1.200 |     0.000 |       0.000 |      0.000 |       NA    | Unspecified | NA         |
| MGTVccaux |       1.800 |     0.000 |       0.000 |      0.000 |       NA    | Unspecified | NA         |
| Vccpint   |       1.000 |     0.020 |       0.000 |      0.020 |       NA    | Unspecified | NA         |
| Vccpaux   |       1.800 |     0.010 |       0.000 |      0.010 |       NA    | Unspecified | NA         |
| Vccpll    |       1.800 |     0.003 |       0.000 |      0.003 |       NA    | Unspecified | NA         |
| Vcco_ddr  |       1.500 |     0.000 |       0.000 |      0.000 |       NA    | Unspecified | NA         |
| Vcco_mio0 |       1.800 |     0.000 |       0.000 |      0.000 |       NA    | Unspecified | NA         |
| Vcco_mio1 |       1.800 |     0.000 |       0.000 |      0.000 |       NA    | Unspecified | NA         |
| Vccadc    |       1.800 |     0.020 |       0.000 |      0.020 |       NA    | Unspecified | NA         |
+-----------+-------------+-----------+-------------+------------+-------------+-------------+------------+


1.3 Confidence Level
--------------------

+-----------------------------+------------+------------------------------------------------+------------------------------------------------------------------------------------------------------------+
| User Input Data             | Confidence | Details                                        | Action                                                                                                     |
+-----------------------------+------------+------------------------------------------------+------------------------------------------------------------------------------------------------------------+
| Design implementation state | High       | Design is routed                               |                                                                                                            |
| Clock nodes activity        | High       | User specified more than 95% of clocks         |                                                                                                            |
| I/O nodes activity          | High       | User specified more than 95% of inputs         |                                                                                                            |
| Internal nodes activity     | Medium     | User specified less than 25% of internal nodes | Provide missing internal nodes activity with simulation results or by editing the "By Resource Type" views |
| Device models               | High       | Device models are Production                   |                                                                                                            |
|                             |            |                                                |                                                                                                            |
| Overall confidence level    | Medium     |                                                |                                                                                                            |
+-----------------------------+------------+------------------------------------------------+------------------------------------------------------------------------------------------------------------+


2. Settings
-----------

2.1 Environment
---------------

+-----------------------+------------------------+
| Ambient Temp (C)      | 25.0                   |
| ThetaJA (C/W)         | 11.5                   |
| Airflow (LFM)         | 250                    |
| Heat Sink             | none                   |
| ThetaSA (C/W)         | 0.0                    |
| Board Selection       | medium (10"x10")       |
| # of Board Layers     | 8to11 (8 to 11 Layers) |
| Board Temperature (C) | 25.0                   |
+-----------------------+------------------------+


2.2 Clock Constraints
---------------------

+------------+------------+-----------------+
| Clock      | Domain     | Constraint (ns) |
+------------+------------+-----------------+
| s_axi_aclk | s_axi_aclk |            10.0 |
+------------+------------+-----------------+


3. Detailed Reports
-------------------

3.1 By Hierarchy
----------------

+----------------------------------------------------------------+-----------+
| Name                                                           | Power (W) |
+----------------------------------------------------------------+-----------+
| zyNet                                                          |     0.501 |
|   activation_unit_instance                                     |     0.007 |
|   dnn_scheduler_instance                                       |     0.004 |
|   systolic_controller_instance                                 |     0.046 |
|     systolic_array_2d_instance                                 |     0.029 |
|       ARRAY_ROWS[0].ARRAY_COLUMNS[0].pe_systolic_cell_instance |     0.001 |
|       ARRAY_ROWS[0].ARRAY_COLUMNS[1].pe_systolic_cell_instance |     0.001 |
|       ARRAY_ROWS[0].ARRAY_COLUMNS[2].pe_systolic_cell_instance |     0.001 |
|       ARRAY_ROWS[0].ARRAY_COLUMNS[3].pe_systolic_cell_instance |     0.001 |
|       ARRAY_ROWS[0].ARRAY_COLUMNS[4].pe_systolic_cell_instance |     0.001 |
|       ARRAY_ROWS[1].ARRAY_COLUMNS[0].pe_systolic_cell_instance |     0.001 |
|       ARRAY_ROWS[1].ARRAY_COLUMNS[1].pe_systolic_cell_instance |     0.001 |
|       ARRAY_ROWS[1].ARRAY_COLUMNS[2].pe_systolic_cell_instance |     0.001 |
|       ARRAY_ROWS[1].ARRAY_COLUMNS[3].pe_systolic_cell_instance |     0.001 |
|       ARRAY_ROWS[1].ARRAY_COLUMNS[4].pe_systolic_cell_instance |     0.001 |
|       ARRAY_ROWS[2].ARRAY_COLUMNS[0].pe_systolic_cell_instance |     0.001 |
|       ARRAY_ROWS[2].ARRAY_COLUMNS[1].pe_systolic_cell_instance |     0.001 |
|       ARRAY_ROWS[2].ARRAY_COLUMNS[2].pe_systolic_cell_instance |     0.001 |
|       ARRAY_ROWS[2].ARRAY_COLUMNS[3].pe_systolic_cell_instance |     0.001 |
|       ARRAY_ROWS[2].ARRAY_COLUMNS[4].pe_systolic_cell_instance |     0.001 |
|       ARRAY_ROWS[3].ARRAY_COLUMNS[0].pe_systolic_cell_instance |     0.001 |
|       ARRAY_ROWS[3].ARRAY_COLUMNS[1].pe_systolic_cell_instance |     0.001 |
|       ARRAY_ROWS[3].ARRAY_COLUMNS[2].pe_systolic_cell_instance |     0.001 |
|       ARRAY_ROWS[3].ARRAY_COLUMNS[3].pe_systolic_cell_instance |     0.001 |
|       ARRAY_ROWS[3].ARRAY_COLUMNS[4].pe_systolic_cell_instance |     0.001 |
|       ARRAY_ROWS[4].ARRAY_COLUMNS[1].pe_systolic_cell_instance |     0.001 |
|       ARRAY_ROWS[4].ARRAY_COLUMNS[2].pe_systolic_cell_instance |     0.001 |
|       ARRAY_ROWS[4].ARRAY_COLUMNS[3].pe_systolic_cell_instance |     0.001 |
|   unified_buffer_instance                                      |     0.005 |
|   weight_sram_instance                                         |     0.438 |
+----------------------------------------------------------------+-----------+


