COMMAND ["cmd.exe", "/d", "/c", "C:/Xilinx/Vivado/2022.1/bin/vivado.bat", "-mode", "batch", "-source", "C:\\Users\\iuhj0\\Eddie\\rag_db_project\\rag\\automation\\vivado_flow.tcl", "-tclargs", "power", "C:\\Users\\iuhj0\\Eddie\\rag_db_project\\artifacts\\implementation\\optimized_accelerator\\run_004\\reference"]

****** Vivado v2022.1 (64-bit)
  **** SW Build 3526262 on Mon Apr 18 15:48:16 MDT 2022
  **** IP Build 3524634 on Mon Apr 18 20:55:01 MDT 2022
    ** Copyright 1986-2022 Xilinx, Inc. All Rights Reserved.

source {C:\Users\iuhj0\Eddie\rag_db_project\rag\automation\vivado_flow.tcl}
# proc reports {out} {
#     report_utilization -file "$out/utilization.rpt"
#     report_utilization -hierarchical -file "$out/utilization_hierarchical.rpt"
#     report_ram_utilization -file "$out/ram_utilization.rpt"
#     report_timing_summary -delay_type min_max -max_paths 20 -file "$out/timing_summary.rpt"
#     report_timing -delay_type max -max_paths 20 -file "$out/critical_paths.rpt"
#     report_high_fanout_nets -timing -max_nets 50 -file "$out/high_fanout_nets.rpt"
#     report_drc -file "$out/drc.rpt"
# }
# proc main {stage out} {
#     set work [pwd]
#     set flow "$work/.vivado_flow"
#     file mkdir $flow $out
#     set project "$flow/project/accelerator.xpr"
#     set_param general.maxThreads 4
#     if {$stage eq "compile"} {
#         if {[file exists $project]} { error "Fresh isolated project required" }
#         create_project accelerator "$flow/project" -part xc7z020clg400-1
#         add_files -norecurse [glob "$work/rtl/*.sv"]
#         set headers [glob -nocomplain "$work/rtl/*.svh"]
#         if {[llength $headers]} { add_files -norecurse $headers }
#         add_files -fileset sim_1 -norecurse "$work/tb/top_sim.sv"
#         set_property top zyNet [get_filesets sources_1]
#         set_property top top_sim [get_filesets sim_1]
#         set_property include_dirs [list "$work/rtl"] [get_filesets sources_1]
#         set_property include_dirs [list "$work/rtl"] [get_filesets sim_1]
#         set_property used_in_synthesis false [get_files *top_sim.sv]
#         set_property target_simulator XSim [current_project]
#         set_property xsim.simulate.runtime 0ns [get_filesets sim_1]
#         update_compile_order -fileset sources_1
#         update_compile_order -fileset sim_1
#         launch_simulation -step compile
#         close_project
#     } elseif {$stage eq "simulation"} {
#         open_project $project
#         launch_simulation -noclean_dir
#         restart
#         set observed [get_objects -r /top_sim/device_under_test/*]
#         if {![llength $observed]} { error "DUT scope missing" }
#         open_saif "$flow/activity.saif"
#         log_saif $observed
#         run all
#         close_saif
#         close_sim
#         close_project
#         file copy -force "$flow/activity.saif" "$out/activity.saif"
#     } elseif {$stage eq "synthesis"} {
#         create_project -in_memory -part xc7z020clg400-1
#         set_property include_dirs [list "$work/rtl"] [current_fileset]
#         read_verilog -sv [glob "$work/rtl/*.sv"]
#         # Board/I/O constraints are used only when present in approved source.
#         foreach xdc [glob -nocomplain "$work/constraints/*.xdc"] { read_xdc $xdc }
#         synth_design -top zyNet -part xc7z020clg400-1
#         if {![llength [get_clocks -quiet -of_objects [get_ports s_axi_aclk]]]} {
#             create_clock -name s_axi_aclk -period 10.000 [get_ports s_axi_aclk]
#         }
#         reports $out
#         report_power -file "$out/power.rpt"
#         write_checkpoint "$flow/post_synthesis.dcp"
#         file copy "$flow/post_synthesis.dcp" "$out/post_synthesis.dcp"
#     } elseif {$stage eq "implementation"} {
#         open_checkpoint "$flow/post_synthesis.dcp"
#         opt_design
#         place_design
#         phys_opt_design
#         route_design
#         reports $out
#         report_route_status -file "$out/route_status.rpt"
#         report_clocks -file "$out/clocks.rpt"
#         write_checkpoint "$flow/post_route.dcp"
#         file copy "$flow/post_route.dcp" "$out/post_route.dcp"
#         # Timing/DRC failures are findings, not hidden by successful route execution.
#     } elseif {$stage eq "power"} {
#         open_checkpoint "$flow/post_route.dcp"
#         reset_switching_activity [get_nets -hierarchical]
#         if {[llength [get_ports]]} { reset_switching_activity [get_ports] }
#         read_saif -strip_path top_sim/device_under_test -out_file "$out/saif_mapping.rpt" "$flow/activity.saif"
#         report_power -name power_saif -file "$out/power_post_route.rpt"
#         report_switching_activity -signal_rate -static_probability -file "$out/switching_activity.rpt" [get_nets -hierarchical]
#     } else { error "Unsupported stage: $stage" }
# }
# if {[catch {main [lindex $argv 0] [file normalize [lindex $argv 1]]} problem]} {
#     puts stderr "AUTOMATION_STAGE_FAILED: $problem"
#     exit 1
# }
Command: open_checkpoint C:/Users/iuhj0/Eddie/rag_db_project/.automation_debug/baseline_001/project/workspace/optimized_accelerator/.vivado_flow/post_route.dcp

Starting open_checkpoint Task

Time (s): cpu = 00:00:00 ; elapsed = 00:00:00.039 . Memory (MB): peak = 1284.988 ; gain = 0.000
INFO: [Device 21-403] Loading part xc7z020clg400-1
Netlist sorting complete. Time (s): cpu = 00:00:00 ; elapsed = 00:00:00.176 . Memory (MB): peak = 1284.988 ; gain = 0.000
INFO: [Netlist 29-17] Analyzing 8916 Unisim elements for replacement
INFO: [Netlist 29-28] Unisim Transformation completed in 0 CPU seconds
INFO: [Project 1-479] Netlist was created with Vivado 2022.1
INFO: [Project 1-570] Preparing netlist for logic optimization
INFO: [Timing 38-478] Restoring timing data from binary archive.
INFO: [Timing 38-479] Binary timing data restore complete.
INFO: [Project 1-856] Restoring constraints from binary archive.
INFO: [Project 1-853] Binary constraint restore complete.
Reading XDEF placement.
Reading placer database...
Reading XDEF routing.
Read XDEF Files: Time (s): cpu = 00:00:01 ; elapsed = 00:00:01 . Memory (MB): peak = 1525.824 ; gain = 18.242
Restored from archive | CPU: 1.000000 secs | Memory: 0.000000 MB |
Finished XDEF File Restore: Time (s): cpu = 00:00:01 ; elapsed = 00:00:01 . Memory (MB): peak = 1525.824 ; gain = 18.242
Netlist sorting complete. Time (s): cpu = 00:00:00 ; elapsed = 00:00:00.003 . Memory (MB): peak = 1525.824 ; gain = 0.000
INFO: [Project 1-111] Unisim Transformation Summary:
No Unisim elements were transformed.

INFO: [Project 1-604] Checkpoint was created with Vivado v2022.1 (64-bit) build 3526262
open_checkpoint: Time (s): cpu = 00:00:18 ; elapsed = 00:00:23 . Memory (MB): peak = 1527.484 ; gain = 242.496
WARNING: [Power 33-294] Please check port connectivity. For differential IOs, refer to P side instead of N side for setting/reporting switching activities.
WARNING: [Power 33-294] Please check port connectivity. For differential IOs, refer to P side instead of N side for setting/reporting switching activities.
WARNING: [Power 33-294] Please check port connectivity. For differential IOs, refer to P side instead of N side for setting/reporting switching activities.
WARNING: [Power 33-294] Please check port connectivity. For differential IOs, refer to P side instead of N side for setting/reporting switching activities.
WARNING: [Power 33-294] Please check port connectivity. For differential IOs, refer to P side instead of N side for setting/reporting switching activities.
WARNING: [Power 33-294] Please check port connectivity. For differential IOs, refer to P side instead of N side for setting/reporting switching activities.
WARNING: [Power 33-294] Please check port connectivity. For differential IOs, refer to P side instead of N side for setting/reporting switching activities.
WARNING: [Power 33-294] Please check port connectivity. For differential IOs, refer to P side instead of N side for setting/reporting switching activities.
WARNING: [Power 33-294] Please check port connectivity. For differential IOs, refer to P side instead of N side for setting/reporting switching activities.
WARNING: [Power 33-294] Please check port connectivity. For differential IOs, refer to P side instead of N side for setting/reporting switching activities.
WARNING: [Power 33-294] Please check port connectivity. For differential IOs, refer to P side instead of N side for setting/reporting switching activities.
WARNING: [Power 33-294] Please check port connectivity. For differential IOs, refer to P side instead of N side for setting/reporting switching activities.
WARNING: [Power 33-294] Please check port connectivity. For differential IOs, refer to P side instead of N side for setting/reporting switching activities.
WARNING: [Power 33-294] Please check port connectivity. For differential IOs, refer to P side instead of N side for setting/reporting switching activities.
WARNING: [Power 33-294] Please check port connectivity. For differential IOs, refer to P side instead of N side for setting/reporting switching activities.
WARNING: [Power 33-294] Please check port connectivity. For differential IOs, refer to P side instead of N side for setting/reporting switching activities.
WARNING: [Power 33-294] Please check port connectivity. For differential IOs, refer to P side instead of N side for setting/reporting switching activities.
WARNING: [Power 33-294] Please check port connectivity. For differential IOs, refer to P side instead of N side for setting/reporting switching activities.
WARNING: [Power 33-294] Please check port connectivity. For differential IOs, refer to P side instead of N side for setting/reporting switching activities.
WARNING: [Power 33-294] Please check port connectivity. For differential IOs, refer to P side instead of N side for setting/reporting switching activities.
WARNING: [Power 33-294] Please check port connectivity. For differential IOs, refer to P side instead of N side for setting/reporting switching activities.
WARNING: [Power 33-294] Please check port connectivity. For differential IOs, refer to P side instead of N side for setting/reporting switching activities.
WARNING: [Power 33-294] Please check port connectivity. For differential IOs, refer to P side instead of N side for setting/reporting switching activities.
WARNING: [Power 33-294] Please check port connectivity. For differential IOs, refer to P side instead of N side for setting/reporting switching activities.
WARNING: [Power 33-294] Please check port connectivity. For differential IOs, refer to P side instead of N side for setting/reporting switching activities.
WARNING: [Power 33-294] Please check port connectivity. For differential IOs, refer to P side instead of N side for setting/reporting switching activities.
WARNING: [Power 33-294] Please check port connectivity. For differential IOs, refer to P side instead of N side for setting/reporting switching activities.
WARNING: [Power 33-294] Please check port connectivity. For differential IOs, refer to P side instead of N side for setting/reporting switching activities.
WARNING: [Power 33-294] Please check port connectivity. For differential IOs, refer to P side instead of N side for setting/reporting switching activities.
WARNING: [Power 33-294] Please check port connectivity. For differential IOs, refer to P side instead of N side for setting/reporting switching activities.
WARNING: [Power 33-294] Please check port connectivity. For differential IOs, refer to P side instead of N side for setting/reporting switching activities.
WARNING: [Power 33-294] Please check port connectivity. For differential IOs, refer to P side instead of N side for setting/reporting switching activities.
WARNING: [Power 33-294] Please check port connectivity. For differential IOs, refer to P side instead of N side for setting/reporting switching activities.
WARNING: [Power 33-294] Please check port connectivity. For differential IOs, refer to P side instead of N side for setting/reporting switching activities.
WARNING: [Power 33-294] Please check port connectivity. For differential IOs, refer to P side instead of N side for setting/reporting switching activities.
WARNING: [Power 33-294] Please check port connectivity. For differential IOs, refer to P side instead of N side for setting/reporting switching activities.
WARNING: [Power 33-294] Please check port connectivity. For differential IOs, refer to P side instead of N side for setting/reporting switching activities.
WARNING: [Power 33-294] Please check port connectivity. For differential IOs, refer to P side instead of N side for setting/reporting switching activities.
WARNING: [Power 33-294] Please check port connectivity. For differential IOs, refer to P side instead of N side for setting/reporting switching activities.
WARNING: [Power 33-294] Please check port connectivity. For differential IOs, refer to P side instead of N side for setting/reporting switching activities.
WARNING: [Power 33-294] Please check port connectivity. For differential IOs, refer to P side instead of N side for setting/reporting switching activities.
WARNING: [Power 33-294] Please check port connectivity. For differential IOs, refer to P side instead of N side for setting/reporting switching activities.
WARNING: [Power 33-294] Please check port connectivity. For differential IOs, refer to P side instead of N side for setting/reporting switching activities.
WARNING: [Power 33-294] Please check port connectivity. For differential IOs, refer to P side instead of N side for setting/reporting switching activities.
WARNING: [Power 33-294] Please check port connectivity. For differential IOs, refer to P side instead of N side for setting/reporting switching activities.
WARNING: [Power 33-294] Please check port connectivity. For differential IOs, refer to P side instead of N side for setting/reporting switching activities.
WARNING: [Power 33-294] Please check port connectivity. For differential IOs, refer to P side instead of N side for setting/reporting switching activities.
INFO: [Power 33-167] Parsing SAIF file C:/Users/iuhj0/Eddie/rag_db_project/.automation_debug/baseline_001/project/workspace/optimized_accelerator/.vivado_flow/activity.saif
WARNING: [Power 33-330] Read_saif is trying to annotate activities on clock net and this will be ignored. Users shall manually specify clock net frequency using sdc timing constraints(e.g. create_clock)
INFO: [Power 33-177] SAIF annotation done from file C:/Users/iuhj0/Eddie/rag_db_project/.automation_debug/baseline_001/project/workspace/optimized_accelerator/.vivado_flow/activity.saif
INFO: [Power 33-26] Design nets matched = 401 of 32188
read_saif: Time (s): cpu = 00:00:04 ; elapsed = 00:00:06 . Memory (MB): peak = 1614.848 ; gain = 18.754
Command: report_power -name power_saif -file C:/Users/iuhj0/Eddie/rag_db_project/artifacts/implementation/optimized_accelerator/run_004/reference/power_post_route.rpt
WARNING: [Common 17-708] report_power: The '-name' option will be ignored because it is only relevant in GUI mode.
1% of nets annotated
Doing probabilistic computation for the remaining nets

14 Infos, 49 Warnings, 0 Critical Warnings and 0 Errors encountered.
report_power completed successfully
report_power: Time (s): cpu = 00:00:12 ; elapsed = 00:00:06 . Memory (MB): peak = 1676.414 ; gain = 61.566
# exit 0
INFO: [Common 17-206] Exiting Vivado at Sat Sep 19 18:11:39 2026...
